Archive member included to satisfy reference by file (symbol)

app/libapp.a(main.c.obj)      (--whole-archive)
zephyr/libzephyr.a(validate_libc.c.obj)
                              (--whole-archive)
zephyr/libzephyr.a(heap.c.obj)
                              (--whole-archive)
zephyr/libzephyr.a(cbprintf_packaged.c.obj)
                              (--whole-archive)
zephyr/libzephyr.a(clock.c.obj)
                              (--whole-archive)
zephyr/libzephyr.a(printk.c.obj)
                              (--whole-archive)
zephyr/libzephyr.a(cbprintf_complete.c.obj)
                              (--whole-archive)
zephyr/libzephyr.a(assert.c.obj)
                              (--whole-archive)
zephyr/libzephyr.a(dec.c.obj)
                              (--whole-archive)
zephyr/libzephyr.a(hex.c.obj)
                              (--whole-archive)
zephyr/libzephyr.a(rb.c.obj)  (--whole-archive)
zephyr/libzephyr.a(set.c.obj)
                              (--whole-archive)
zephyr/libzephyr.a(timeutil.c.obj)
                              (--whole-archive)
zephyr/libzephyr.a(bitarray.c.obj)
                              (--whole-archive)
zephyr/libzephyr.a(bitmask.c.obj)
                              (--whole-archive)
zephyr/libzephyr.a(getopt.c.obj)
                              (--whole-archive)
zephyr/libzephyr.a(getopt_common.c.obj)
                              (--whole-archive)
zephyr/libzephyr.a(ring_buffer.c.obj)
                              (--whole-archive)
zephyr/libzephyr.a(last_section_id.c.obj)
                              (--whole-archive)
zephyr/libzephyr.a(configs.c.obj)
                              (--whole-archive)
zephyr/libzephyr.a(stm32cube_hal.c.obj)
                              (--whole-archive)
zephyr/libzephyr.a(soc_config.c.obj)
                              (--whole-archive)
zephyr/libzephyr.a(gpioport_mgr.c.obj)
                              (--whole-archive)
zephyr/libzephyr.a(stm32_cache.c.obj)
                              (--whole-archive)
zephyr/libzephyr.a(stm32_backup_domain.c.obj)
                              (--whole-archive)
zephyr/libzephyr.a(soc.c.obj)
                              (--whole-archive)
zephyr/libzephyr.a(mem_attr.c.obj)
                              (--whole-archive)
zephyr/libzephyr.a(tracing_none.c.obj)
                              (--whole-archive)
zephyr/libzephyr.a(kernel_shell.c.obj)
                              (--whole-archive)
zephyr/libzephyr.a(cycles.c.obj)
                              (--whole-archive)
zephyr/libzephyr.a(sleep.c.obj)
                              (--whole-archive)
zephyr/libzephyr.a(uptime.c.obj)
                              (--whole-archive)
zephyr/libzephyr.a(version.c.obj)
                              (--whole-archive)
zephyr/libzephyr.a(thread.c.obj)
                              (--whole-archive)
zephyr/libzephyr.a(list.c.obj)
                              (--whole-archive)
zephyr/libzephyr.a(stacks.c.obj)
                              (--whole-archive)
zephyr/libzephyr.a(suspend.c.obj)
                              (--whole-archive)
zephyr/libzephyr.a(resume.c.obj)
                              (--whole-archive)
zephyr/libzephyr.a(kill.c.obj)
                              (--whole-archive)
zephyr/libzephyr.a(device_service.c.obj)
                              (--whole-archive)
zephyr/libzephyr.a(date_service.c.obj)
                              (--whole-archive)
zephyr/libzephyr.a(devmem_service.c.obj)
                              (--whole-archive)
zephyr/libzephyr.a(shell_uart.c.obj)
                              (--whole-archive)
zephyr/libzephyr.a(shell.c.obj)
                              (--whole-archive)
zephyr/libzephyr.a(shell_fprintf.c.obj)
                              (--whole-archive)
zephyr/libzephyr.a(shell_utils.c.obj)
                              (--whole-archive)
zephyr/libzephyr.a(shell_ops.c.obj)
                              (--whole-archive)
zephyr/libzephyr.a(shell_help.c.obj)
                              (--whole-archive)
zephyr/libzephyr.a(shell_cmds.c.obj)
                              (--whole-archive)
zephyr/libzephyr.a(shell_history.c.obj)
                              (--whole-archive)
zephyr/libzephyr.a(shell_wildcard.c.obj)
                              (--whole-archive)
zephyr/libzephyr.a(sem.c.obj)
                              (--whole-archive)
zephyr/libzephyr.a(thread_entry.c.obj)
                              (--whole-archive)
zephyr/arch/common/libarch__common.a(sw_isr_common.c.obj)
                              (--whole-archive)
zephyr/arch/common/libarch__common.a(init.c.obj)
                              (--whole-archive)
zephyr/arch/common/libarch__common.a(xip.c.obj)
                              (--whole-archive)
zephyr/arch/arch/arm/core/libarch__arm__core.a(fatal.c.obj)
                              (--whole-archive)
zephyr/arch/arch/arm/core/libarch__arm__core.a(nmi.c.obj)
                              (--whole-archive)
[...]
Memory Configuration

Name             Origin             Length             Attributes
FLASH            0x08000000         0x00200000         xr
RAM              0x20020000         0x00060000         xw
QSPI_PLACEHOLDER 0x90000000         0x10000000         rw
SRAM0            0x20020000         0x00060000         rw
DTCM             0x20000000         0x00020000         rw
IDT_LIST         0xffff7fff         0x00008000         xw
*default*        0x00000000         0xffffffff

Linker script and memory map

                0x08007864                        vfprintf = __l_vfprintf
                0x00000000                        vfscanf = __l_vfscanf
LOAD zephyr/CMakeFiles/zephyr_pre0.dir/misc/empty_file.c.obj
LOAD zephyr/CMakeFiles/offsets.dir/./arch/arm/core/offsets/offsets.c.obj
LOAD app/libapp.a
LOAD zephyr/libzephyr.a
LOAD zephyr/arch/common/libarch__common.a
LOAD zephyr/arch/arch/arm/core/libarch__arm__core.a
LOAD zephyr/arch/arch/arm/core/cortex_m/libarch__arm__core__cortex_m.a
LOAD zephyr/arch/arch/arm/core/mpu/libarch__arm__core__mpu.a
LOAD zephyr/lib/libc/picolibc/liblib__libc__picolibc.a
LOAD zephyr/lib/libc/common/liblib__libc__common.a
LOAD zephyr/subsys/portability/posix/c_lib_ext/libsubsys__portability__posix__c_lib_ext.a
LOAD zephyr/drivers/interrupt_controller/libdrivers__interrupt_controller.a
LOAD zephyr/drivers/clock_control/libdrivers__clock_control.a
LOAD zephyr/drivers/console/libdrivers__console.a
LOAD zephyr/drivers/dac/libdrivers__dac.a
LOAD zephyr/drivers/gpio/libdrivers__gpio.a
LOAD zephyr/drivers/pinctrl/libdrivers__pinctrl.a
LOAD zephyr/drivers/pwm/libdrivers__pwm.a
LOAD zephyr/drivers/reset/libdrivers__reset.a
LOAD zephyr/drivers/serial/libdrivers__serial.a
LOAD zephyr/drivers/timer/libdrivers__timer.a
LOAD modules/hal_stm32/stm32cube/lib..__modules__hal__stm32__stm32cube.a
LOAD zephyr/kernel/libkernel.a
LOAD zephyr/arch/common/libisr_tables.a
LOAD /home/gusta/zephyr-sdk/gnu/arm-zephyr-eabi/bin/../lib/gcc/arm-zephyr-eabi/14.3.0/../../../../arm-zephyr-eabi/lib/thumb/v7e-m/nofp/space/libc.a
LOAD /home/gusta/zephyr-sdk/gnu/arm-zephyr-eabi/bin/../lib/gcc/arm-zephyr-eabi/14.3.0/thumb/v7e-m/nofp/space/libgcc.a
                0x00000020                        _region_min_align = 0x20

.rel.plt        0x08000000        0x0
 *(SORT_BY_ALIGNMENT(.rel.plt))
                [!provide]                        PROVIDE (__rel_iplt_start = .)
 *(SORT_BY_ALIGNMENT(.rel.iplt))
 .rel.iplt      0x08000000        0x0 app/libapp.a(main.c.obj)
                [!provide]                        PROVIDE (__rel_iplt_end = .)

.rela.plt       0x00000000        0x0
 *(SORT_BY_ALIGNMENT(.rela.plt))
                [!provide]                        PROVIDE (__rela_iplt_start = .)
 *(SORT_BY_ALIGNMENT(.rela.iplt))
                [!provide]                        PROVIDE (__rela_iplt_end = .)

.rel.dyn
 *(SORT_BY_ALIGNMENT(.rel.*))

.rela.dyn
 *(SORT_BY_ALIGNMENT(.rela.*))

/DISCARD/
 *(SORT_BY_ALIGNMENT(.plt))

/DISCARD/
 *(SORT_BY_ALIGNMENT(.iplt))
                0x08000000                        __rom_region_start = 0x8000000

rom_start       0x08000000      0x184
                0x08000000                        __rom_start_address = .
 FILL mask 0x00
                0x08000000                        . = (. + (0x0 - (. - __rom_start_address)))
                0x08000000                        . = ALIGN (0x4)
                0x08000000                        . = ALIGN (0x80)
                0x08000000                        . = ALIGN (0x200)
                0x08000000                        _vector_start = .
 *(SORT_BY_ALIGNMENT(.exc_vector_table))
 *(SORT_BY_ALIGNMENT(.exc_vector_table.*))
 .exc_vector_table._vector_table_section
                0x08000000       0x40 zephyr/arch/arch/arm/core/cortex_m/libarch__arm__core__cortex_m.a(vector_table.S.obj)
                0x08000000                _vector_table
 *(SORT_BY_ALIGNMENT(.vectors))
                0x08000184                        _vector_end = .
                0x08000040                        . = ALIGN (0x4)
 *(SORT_BY_ALIGNMENT(.gnu.linkonce.irq_vector_table*))
 .gnu.linkonce.irq_vector_table
                0x08000040      0x144 zephyr/arch/common/libisr_tables.a(isr_tables.c.obj)
                0x08000040                _irq_vector_table
                0x08000184                        _vector_end = .

text            0x08000188     0xb26c
                0x08000188                        __text_region_start = .
 *(SORT_BY_ALIGNMENT(.text))
 .text          0x08000188      0x21c /home/gusta/zephyr-sdk/gnu/arm-zephyr-eabi/bin/../lib/gcc/arm-zephyr-eabi/14.3.0/thumb/v7e-m/nofp/space/libgcc.a(_arm_addsubsf3.o)
                0x08000188                __aeabi_frsub
                0x08000190                __subsf3
                0x08000190                __aeabi_fsub
                0x08000194                __aeabi_fadd
                0x08000194                __addsf3
                0x080002f4                __aeabi_ui2f
                0x080002f4                __floatunsisf
                0x080002fc                __aeabi_i2f
                0x080002fc                __floatsisf
                0x08000318                __floatundisf
                0x08000318                __aeabi_ul2f
                0x08000328                __floatdisf
                0x08000328                __aeabi_l2f
 .text          0x080003a4      0x2a0 /home/gusta/zephyr-sdk/gnu/arm-zephyr-eabi/bin/../lib/gcc/arm-zephyr-eabi/14.3.0/thumb/v7e-m/nofp/space/libgcc.a(_arm_muldivsf3.o)
                0x080003a4                __mulsf3
                0x080003a4                __aeabi_fmul
                0x0800050c                __divsf3
                0x0800050c                __aeabi_fdiv
 .text          0x08000644       0xec /home/gusta/zephyr-sdk/gnu/arm-zephyr-eabi/bin/../lib/gcc/arm-zephyr-eabi/14.3.0/thumb/v7e-m/nofp/space/libgcc.a(_arm_cmpsf2.o)
                0x08000644                __gtsf2
                0x08000644                __gesf2
                0x0800064c                __lesf2
                0x0800064c                __ltsf2
                0x08000654                __nesf2
                0x08000654                __eqsf2
                0x08000654                __cmpsf2
                0x080006b4                __aeabi_cfrcmple
                0x080006bc                __aeabi_cfcmple
                0x080006bc                __aeabi_cfcmpeq
                0x080006cc                __aeabi_fcmpeq
                0x080006e0                __aeabi_fcmplt
                0x080006f4                __aeabi_fcmple
                0x08000708                __aeabi_fcmpge
                0x0800071c                __aeabi_fcmpgt
 .text          0x08000730       0x4c /home/gusta/zephyr-sdk/gnu/arm-zephyr-eabi/bin/../lib/gcc/arm-zephyr-eabi/14.3.0/thumb/v7e-m/nofp/space/libgcc.a(_arm_fixsfsi.o)
                0x08000730                __fixsfsi
                0x08000730                __aeabi_f2iz
 .text          0x0800077c       0xa0 /home/gusta/zephyr-sdk/gnu/arm-zephyr-eabi/bin/../lib/gcc/arm-zephyr-eabi/14.3.0/thumb/v7e-m/nofp/space/libgcc.a(_aeabi_ldivmod.o)
                0x0800077c                __aeabi_ldivmod
 .text          0x0800081c       0x30 /home/gusta/zephyr-sdk/gnu/arm-zephyr-eabi/bin/../lib/gcc/arm-zephyr-eabi/14.3.0/thumb/v7e-m/nofp/space/libgcc.a(_aeabi_uldivmod.o)
                0x0800081c                __aeabi_uldivmod
 .text          0x0800084c        0x4 /home/gusta/zephyr-sdk/gnu/arm-zephyr-eabi/bin/../lib/gcc/arm-zephyr-eabi/14.3.0/thumb/v7e-m/nofp/space/libgcc.a(_dvmd_tls.o)
                0x0800084c                __aeabi_ldiv0
                0x0800084c                __aeabi_idiv0
 .text          0x08000850       0x14 /home/gusta/zephyr-sdk/gnu/arm-zephyr-eabi/bin/../lib/gcc/arm-zephyr-eabi/14.3.0/../../../../arm-zephyr-eabi/lib/thumb/v7e-m/nofp/space/libc.a(strcmp.S.o)
                0x08000850                strcmp
 .text          0x08000864       0x10 /home/gusta/zephyr-sdk/gnu/arm-zephyr-eabi/bin/../lib/gcc/arm-zephyr-eabi/14.3.0/../../../../arm-zephyr-eabi/lib/thumb/v7e-m/nofp/space/libc.a(strcpy.S.o)
                0x08000864                strcpy
 .text          0x08000874       0x10 /home/gusta/zephyr-sdk/gnu/arm-zephyr-eabi/bin/../lib/gcc/arm-zephyr-eabi/14.3.0/../../../../arm-zephyr-eabi/lib/thumb/v7e-m/nofp/space/libc.a(strlen.S.o)
                0x08000874                strlen
 .text          0x08000884      0x2bc /home/gusta/zephyr-sdk/gnu/arm-zephyr-eabi/bin/../lib/gcc/arm-zephyr-eabi/14.3.0/thumb/v7e-m/nofp/space/libgcc.a(_udivmoddi4.o)
                0x08000884                __udivmoddi4
 *(SORT_BY_ALIGNMENT(.text.*))
 .text.cmd_kernel_uptime
                0x08000b40       0xe0 zephyr/libzephyr.a(uptime.c.obj)
 .text.angle_to_dac_code
                0x08000c20       0x6c app/libapp.a(main.c.obj)
 .text.update_motor_command
                0x08000c8c       0xf8 app/libapp.a(main.c.obj)
 .text.main     0x08000d84      0x228 app/libapp.a(main.c.obj)
                0x08000d84                main
 .text.z_impl_sys_clock_getrtoffset
                0x08000fac       0x28 zephyr/libzephyr.a(clock.c.obj)
                0x08000fac                z_impl_sys_clock_getrtoffset
 .text.sys_clock_gettime
                0x08000fd4       0x6c zephyr/libzephyr.a(clock.c.obj)
                0x08000fd4                sys_clock_gettime
 .text.z_impl_sys_clock_settime
                0x08001040       0x74 zephyr/libzephyr.a(clock.c.obj)
                0x08001040                z_impl_sys_clock_settime
 .text.char_out
                0x080010b4        0xc zephyr/libzephyr.a(printk.c.obj)
 .text.__printk_hook_install
                0x080010c0        0xc zephyr/libzephyr.a(printk.c.obj)
                0x080010c0                __printk_hook_install
 .text.vprintk  0x080010cc       0x30 zephyr/libzephyr.a(printk.c.obj)
                0x080010cc                vprintk
 .text.timeutil_timegm64
                0x080010fc       0xec zephyr/libzephyr.a(timeutil.c.obj)
                0x080010fc                timeutil_timegm64
 .text.timeutil_timegm
                0x080011e8       0x20 zephyr/libzephyr.a(timeutil.c.obj)
                0x080011e8                timeutil_timegm
 .text.timespec_normalize
                0x08001208       0x8c zephyr/libzephyr.a(timeutil.c.obj)
                0x08001208                timespec_normalize
 .text.sys_getopt_init
                0x08001294       0x48 zephyr/libzephyr.a(getopt.c.obj)
                0x08001294                sys_getopt_init
 .text.sys_getopt
                0x080012dc       0xf4 zephyr/libzephyr.a(getopt.c.obj)
                0x080012dc                sys_getopt
 .text.z_getopt_global_state_update
                0x080013d0       0x38 zephyr/libzephyr.a(getopt_common.c.obj)
                0x080013d0                z_getopt_global_state_update
 .text.sys_getopt_state_get
                0x08001408        0x8 zephyr/libzephyr.a(getopt_common.c.obj)
                0x08001408                sys_getopt_state_get
 .text.st_stm32_common_config
                0x08001410       0x14 zephyr/libzephyr.a(soc_config.c.obj)
 .text.stm32_gpioport_init
                0x08001424       0x20 zephyr/libzephyr.a(gpioport_mgr.c.obj)
 .text.stm32_gpioport_get
                0x08001444       0x24 zephyr/libzephyr.a(gpioport_mgr.c.obj)
                0x08001444                stm32_gpioport_get
 .text.soc_early_init_hook
                0x08001468       0x28 zephyr/libzephyr.a(soc.c.obj)
                0x08001468                soc_early_init_hook
 .text.mem_attr_get_regions
                0x08001490        0xc zephyr/libzephyr.a(mem_attr.c.obj)
                0x08001490                mem_attr_get_regions
 .text.cmd_kernel_cycles
                0x0800149c       0x1c zephyr/libzephyr.a(cycles.c.obj)
 .text.cmd_kernel_sleep
                0x080014b8       0x40 zephyr/libzephyr.a(sleep.c.obj)
 .text.cmd_kernel_version
                0x080014f8       0x18 zephyr/libzephyr.a(version.c.obj)
 .text.z_thread_is_valid
                0x08001510       0x20 zephyr/libzephyr.a(thread.c.obj)
                0x08001510                z_thread_is_valid
 .text.cmd_kernel_thread_list
                0x08001530       0x48 zephyr/libzephyr.a(list.c.obj)
 .text.shell_tdata_dump
                0x08001578       0xc0 zephyr/libzephyr.a(list.c.obj)
 .text.cmd_kernel_thread_stacks
                0x08001638       0x6c zephyr/libzephyr.a(stacks.c.obj)
 .text.shell_stack_dump
                0x080016a4       0x60 zephyr/libzephyr.a(stacks.c.obj)
 .text.cmd_kernel_thread_suspend
                0x08001704       0x64 zephyr/libzephyr.a(suspend.c.obj)
 .text.cmd_kernel_thread_resume
                0x08001768       0x64 zephyr/libzephyr.a(resume.c.obj)
 .text.cmd_kernel_thread_kill
                0x080017cc       0x64 zephyr/libzephyr.a(kill.c.obj)
 .text.device_name_lookup
                0x08001830       0x20 zephyr/libzephyr.a(device_service.c.obj)
 .text.device_name_get_non_ready
                0x08001850       0x20 zephyr/libzephyr.a(device_service.c.obj)
 .text.cmd_device_init
                0x08001870       0x64 zephyr/libzephyr.a(device_service.c.obj)
 .text.cmd_device_list
                0x080018d4       0xf0 zephyr/libzephyr.a(device_service.c.obj)
 .text.get_h_m_s
                0x080019c4       0x98 zephyr/libzephyr.a(date_service.c.obj)
 .text.cmd_date_set
                0x08001a5c      0x128 zephyr/libzephyr.a(date_service.c.obj)
 .text.cmd_date_get
                0x08001b84       0x44 zephyr/libzephyr.a(date_service.c.obj)
 .text.cmd_devmem
                0x08001bc8       0xb8 zephyr/libzephyr.a(devmem_service.c.obj)
 .text.cmd_dump
                0x08001c80      0x184 zephyr/libzephyr.a(devmem_service.c.obj)
 .text.set_bypass.isra.0
                0x08001e04       0x48 zephyr/libzephyr.a(devmem_service.c.obj)
 .text.bypass_cb
                0x08001e4c      0x118 zephyr/libzephyr.a(devmem_service.c.obj)
 .text.cmd_load
                0x08001f64       0xc8 zephyr/libzephyr.a(devmem_service.c.obj)
 .text.enable_shell_uart
                0x0800202c       0x30 zephyr/libzephyr.a(shell_uart.c.obj)
 .text.init     0x0800205c       0x54 zephyr/libzephyr.a(shell_uart.c.obj)
 .text.shell_internal_help_print
                0x080020b0       0x20 zephyr/libzephyr.a(shell.c.obj)
 .text.kill_handler
                0x080020d0       0x50 zephyr/libzephyr.a(shell.c.obj)
 .text.z_cursor_next_line_move.isra.0
                0x08002120        0xc zephyr/libzephyr.a(shell.c.obj)
 .text.execute  0x0800212c      0x2b8 zephyr/libzephyr.a(shell.c.obj)
 .text.history_handle
                0x080023e4       0xb0 zephyr/libzephyr.a(shell.c.obj)
 .text.state_set.constprop.0
                0x08002494       0x4c zephyr/libzephyr.a(shell.c.obj)
 .text.state_collect
                0x080024e0      0x6b0 zephyr/libzephyr.a(shell.c.obj)
 .text.shell_thread
                0x08002b90       0x8c zephyr/libzephyr.a(shell.c.obj)
                0x08002b90                shell_thread
 .text.cmd_help
                0x08002c1c       0x44 zephyr/libzephyr.a(shell.c.obj)
 .text.shell_hexdump_line
                0x08002c60       0xa8 zephyr/libzephyr.a(shell.c.obj)
                0x08002c60                shell_hexdump_line
 .text.shell_init
                0x08002d08       0xc8 zephyr/libzephyr.a(shell.c.obj)
                0x08002d08                shell_init
 .text.z_shell_fprintf_fmt
                0x08002dd0       0x28 zephyr/libzephyr.a(shell_fprintf.c.obj)
                0x08002dd0                z_shell_fprintf_fmt
 .text.z_shell_cmd_get
                0x08002df8       0x74 zephyr/libzephyr.a(shell_utils.c.obj)
                0x08002df8                z_shell_cmd_get
 .text.shell_strtoul
                0x08002e6c       0x50 zephyr/libzephyr.a(shell_utils.c.obj)
                0x08002e6c                shell_strtoul
 .text.z_clear_eos
                0x08002ebc       0x18 zephyr/libzephyr.a(shell_ops.c.obj)
 .text.z_cursor_next_line_move.isra.0
                0x08002ed4        0xc zephyr/libzephyr.a(shell_ops.c.obj)
 .text.z_shell_op_cursor_vert_move
                0x08002ee0       0x2c zephyr/libzephyr.a(shell_ops.c.obj)
                0x08002ee0                z_shell_op_cursor_vert_move
 .text.z_shell_op_cursor_horiz_move
                0x08002f0c       0x2c zephyr/libzephyr.a(shell_ops.c.obj)
                0x08002f0c                z_shell_op_cursor_horiz_move
 .text.z_shell_print_cmd
                0x08002f38       0x78 zephyr/libzephyr.a(shell_ops.c.obj)
                0x08002f38                z_shell_print_cmd
 .text.z_shell_vt100_color_set
                0x08002fb0       0x40 zephyr/libzephyr.a(shell_ops.c.obj)
                0x08002fb0                z_shell_vt100_color_set
 .text.z_shell_vt100_colors_restore
                0x08002ff0       0x3c zephyr/libzephyr.a(shell_ops.c.obj)
                0x08002ff0                z_shell_vt100_colors_restore
 .text.z_shell_op_word_remove
                0x0800302c       0xc8 zephyr/libzephyr.a(shell_ops.c.obj)
                0x0800302c                z_shell_op_word_remove
 .text.reprint_from_cursor
                0x080030f4       0xdc zephyr/libzephyr.a(shell_ops.c.obj)
 .text.z_shell_op_char_insert
                0x080031d0       0x70 zephyr/libzephyr.a(shell_ops.c.obj)
                0x080031d0                z_shell_op_char_insert
 .text.z_shell_print_prompt_and_cmd
                0x08003240       0x34 zephyr/libzephyr.a(shell_ops.c.obj)
                0x08003240                z_shell_print_prompt_and_cmd
 .text.z_cursor_next_line_move.isra.0
                0x08003274        0xc zephyr/libzephyr.a(shell_help.c.obj)
 .text.formatted_structured_help_print
                0x08003280       0x44 zephyr/libzephyr.a(shell_help.c.obj)
 .text.z_shell_help_subcmd_print
                0x080032c4       0xc0 zephyr/libzephyr.a(shell_help.c.obj)
                0x080032c4                z_shell_help_subcmd_print
 .text.z_shell_help_cmd_print
                0x08003384       0x60 zephyr/libzephyr.a(shell_help.c.obj)
                0x08003384                z_shell_help_cmd_print
 .text.z_shell_help_request
                0x080033e4       0x28 zephyr/libzephyr.a(shell_help.c.obj)
                0x080033e4                z_shell_help_request
 .text.cmd_resize_default
                0x0800340c       0x2c zephyr/libzephyr.a(shell_cmds.c.obj)
 .text.cmd_shell_stats_show
                0x08003438       0x14 zephyr/libzephyr.a(shell_cmds.c.obj)
 .text.cmd_backends
                0x0800344c       0x48 zephyr/libzephyr.a(shell_cmds.c.obj)
 .text.cmd_prompt_off
                0x08003494       0x10 zephyr/libzephyr.a(shell_cmds.c.obj)
 .text.cmd_history
                0x080034a4       0x40 zephyr/libzephyr.a(shell_cmds.c.obj)
 .text.cmd_get_retval
                0x080034e4       0x1c zephyr/libzephyr.a(shell_cmds.c.obj)
 .text.cmd_echo
                0x08003500       0x50 zephyr/libzephyr.a(shell_cmds.c.obj)
 .text.cmd_clear
                0x08003550       0x34 zephyr/libzephyr.a(shell_cmds.c.obj)
 .text.cmd_resize
                0x08003584      0x198 zephyr/libzephyr.a(shell_cmds.c.obj)
 .text.z_shell_wildcard_process
                0x0800371c       0xe4 zephyr/libzephyr.a(shell_wildcard.c.obj)
                0x0800371c                z_shell_wildcard_process
 .text.z_thread_entry
                0x08003800       0x34 zephyr/libzephyr.a(thread_entry.c.obj)
                0x08003800                z_thread_entry
 .text.arch_bss_zero
                0x08003834       0x2c zephyr/arch/common/libarch__common.a(init.c.obj)
                0x08003834                arch_bss_zero
 .text.arch_data_copy
                0x08003860       0x50 zephyr/arch/common/libarch__common.a(xip.c.obj)
                0x08003860                arch_data_copy
 .text.z_arm_fatal_error
                0x080038b0       0x60 zephyr/arch/arch/arm/core/libarch__arm__core.a(fatal.c.obj)
                0x080038b0                z_arm_fatal_error
 .text.z_SysNmiOnReset
                0x08003910        0x8 zephyr/arch/arch/arm/core/libarch__arm__core.a(nmi_on_reset.S.obj)
                0x08003910                z_SysNmiOnReset
 .text.arch_tls_stack_setup
                0x08003918       0x40 zephyr/arch/arch/arm/core/libarch__arm__core.a(tls.c.obj)
                0x08003918                arch_tls_stack_setup
 .text.mem_manage_fault
                0x08003958       0xf0 zephyr/arch/arch/arm/core/cortex_m/libarch__arm__core__cortex_m.a(fault.c.obj)
 .text.usage_fault.isra.0
                0x08003a48       0x98 zephyr/arch/arch/arm/core/cortex_m/libarch__arm__core__cortex_m.a(fault.c.obj)
 .text.bus_fault.isra.0
                0x08003ae0       0xb8 zephyr/arch/arch/arm/core/cortex_m/libarch__arm__core__cortex_m.a(fault.c.obj)
 .text.z_arm_fault
                0x08003b98      0x1ac zephyr/arch/arch/arm/core/cortex_m/libarch__arm__core__cortex_m.a(fault.c.obj)
                0x08003b98                z_arm_fault
 .text.z_arm_fault_init
                0x08003d44       0x18 zephyr/arch/arch/arm/core/cortex_m/libarch__arm__core__cortex_m.a(fault.c.obj)
                0x08003d44                z_arm_fault_init
 .text.__fault  0x08003d5c       0x14 zephyr/arch/arch/arm/core/cortex_m/libarch__arm__core__cortex_m.a(fault_s.S.obj)
                0x08003d5c                z_arm_bus_fault
                0x08003d5c                z_arm_usage_fault
                0x08003d5c                z_arm_mpu_fault
                0x08003d5c                z_arm_exc_spurious
                0x08003d5c                z_arm_debug_monitor
                0x08003d5c                z_arm_hard_fault
 .text._reset_section
                0x08003d70       0x44 zephyr/arch/arch/arm/core/cortex_m/libarch__arm__core__cortex_m.a(reset.S.obj)
                0x08003d70                z_arm_reset
                0x08003d70                __start
 .text.z_arm_svc
                0x08003db4       0x24 zephyr/arch/arch/arm/core/cortex_m/libarch__arm__core__cortex_m.a(svc.S.obj)
                0x08003db4                z_arm_svc
 .text.arm_irq_enable
                0x08003dd8       0x1c zephyr/arch/arch/arm/core/cortex_m/libarch__arm__core__cortex_m.a(irq_manage.c.obj)
                0x08003dd8                arm_irq_enable
 .text.arm_irq_priority_set
                0x08003df4       0x2c zephyr/arch/arch/arm/core/cortex_m/libarch__arm__core__cortex_m.a(irq_manage.c.obj)
                0x08003df4                arm_irq_priority_set
 .text.relocate_vector_table
                0x08003e20       0x1c zephyr/arch/arch/arm/core/cortex_m/libarch__arm__core__cortex_m.a(prep_c.c.obj)
                0x08003e20                relocate_vector_table
 .text.z_prep_c
                0x08003e3c       0x38 zephyr/arch/arch/arm/core/cortex_m/libarch__arm__core__cortex_m.a(prep_c.c.obj)
                0x08003e3c                z_prep_c
 .text.arch_new_thread
                0x08003e74       0x30 zephyr/arch/arch/arm/core/cortex_m/libarch__arm__core__cortex_m.a(thread.c.obj)
                0x08003e74                arch_new_thread
 .text.z_check_thread_stack_fail
                0x08003ea4       0x30 zephyr/arch/arch/arm/core/cortex_m/libarch__arm__core__cortex_m.a(thread.c.obj)
                0x08003ea4                z_check_thread_stack_fail
 .text.arch_switch_to_main_thread
                0x08003ed4       0x40 zephyr/arch/arch/arm/core/cortex_m/libarch__arm__core__cortex_m.a(thread.c.obj)
                0x08003ed4                arch_switch_to_main_thread
 .text.z_arm_cpu_idle_init
                0x08003f14        0xc zephyr/arch/arch/arm/core/cortex_m/libarch__arm__core__cortex_m.a(cpu_idle.c.obj)
                0x08003f14                z_arm_cpu_idle_init
 .text._HandlerModeExit
                0x08003f20       0x20 zephyr/arch/arch/arm/core/cortex_m/libarch__arm__core__cortex_m.a(exc_exit.c.obj)
                0x08003f20                z_arm_exc_exit
                0x08003f20                z_arm_int_exit
 .text.z_impl_k_thread_abort
                0x08003f40       0x2c zephyr/arch/arch/arm/core/cortex_m/libarch__arm__core__cortex_m.a(thread_abort.c.obj)
                0x08003f40                z_impl_k_thread_abort
 .text.z_arm_pendsv
                0x08003f6c       0x64 zephyr/arch/arch/arm/core/cortex_m/libarch__arm__core__cortex_m.a(swap_helper.S.obj)
                0x08003f6c                z_arm_pendsv
 .text.z_arm_interrupt_init
                0x08003fd0       0x18 zephyr/arch/arch/arm/core/cortex_m/libarch__arm__core__cortex_m.a(irq_init.c.obj)
                0x08003fd0                z_arm_interrupt_init
 .text._isr_wrapper
                0x08003fe8       0x24 zephyr/arch/arch/arm/core/cortex_m/libarch__arm__core__cortex_m.a(isr_wrapper.c.obj)
                0x08003fe8                _isr_wrapper
 .text.__aeabi_read_tp
                0x0800400c        0xc zephyr/arch/arch/arm/core/cortex_m/libarch__arm__core__cortex_m.a(__aeabi_read_tp.S.obj)
                0x0800400c                __aeabi_read_tp
 .text.z_arm_configure_static_mpu_regions
                0x08004018       0x18 zephyr/arch/arch/arm/core/mpu/libarch__arm__core__mpu.a(arm_core_mpu.c.obj)
                0x08004018                z_arm_configure_static_mpu_regions
 .text.z_arm_configure_dynamic_mpu_regions
                0x08004030       0x24 zephyr/arch/arch/arm/core/mpu/libarch__arm__core__mpu.a(arm_core_mpu.c.obj)
                0x08004030                z_arm_configure_dynamic_mpu_regions
 .text.region_init
                0x08004054       0x28 zephyr/arch/arch/arm/core/mpu/libarch__arm__core__mpu.a(arm_mpu.c.obj)
 .text.mpu_configure_regions
                0x0800407c       0x6c zephyr/arch/arch/arm/core/mpu/libarch__arm__core__mpu.a(arm_mpu.c.obj)
 .text.arm_core_mpu_enable
                0x080040e8       0x18 zephyr/arch/arch/arm/core/mpu/libarch__arm__core__mpu.a(arm_mpu.c.obj)
                0x080040e8                arm_core_mpu_enable
 .text.arm_core_mpu_disable
                0x08004100       0x14 zephyr/arch/arch/arm/core/mpu/libarch__arm__core__mpu.a(arm_mpu.c.obj)
                0x08004100                arm_core_mpu_disable
 .text.arm_core_mpu_configure_static_mpu_regions
                0x08004114       0x14 zephyr/arch/arch/arm/core/mpu/libarch__arm__core__mpu.a(arm_mpu.c.obj)
                0x08004114                arm_core_mpu_configure_static_mpu_regions
 .text.arm_core_mpu_configure_dynamic_mpu_regions
                0x08004128       0x38 zephyr/arch/arch/arm/core/mpu/libarch__arm__core__mpu.a(arm_mpu.c.obj)
                0x08004128                arm_core_mpu_configure_dynamic_mpu_regions
 .text.z_arm_mpu_init
                0x08004160      0x184 zephyr/arch/arch/arm/core/mpu/libarch__arm__core__mpu.a(arm_mpu.c.obj)
                0x08004160                z_arm_mpu_init
 .text.cbvprintf
                0x080042e4       0x38 zephyr/lib/libc/picolibc/liblib__libc__picolibc.a(cbprintf.c.obj)
                0x080042e4                cbvprintf
 .text.z_impl_zephyr_fputc
                0x0800431c       0x10 zephyr/lib/libc/picolibc/liblib__libc__picolibc.a(stdio.c.obj)
                0x0800431c                z_impl_zephyr_fputc
 .text.__stdout_hook_install
                0x0800432c       0x18 zephyr/lib/libc/picolibc/liblib__libc__picolibc.a(stdio.c.obj)
                0x0800432c                __stdout_hook_install
 .text.malloc_prepare
                0x08004344       0x24 zephyr/lib/libc/common/liblib__libc__common.a(malloc.c.obj)
 .text.fnmatchx
                0x08004368      0x4e8 zephyr/subsys/portability/posix/c_lib_ext/libsubsys__portability__posix__c_lib_ext.a(fnmatch.c.obj)
 .text.z_getopt_global_state_update_shim
                0x08004850       0x2c zephyr/subsys/portability/posix/c_lib_ext/libsubsys__portability__posix__c_lib_ext.a(getopt_shim.c.obj)
                0x08004850                z_getopt_global_state_update_shim
 .text.stm32_exti_init
                0x0800487c       0x2c zephyr/drivers/interrupt_controller/libdrivers__interrupt_controller.a(intc_exti_stm32.c.obj)
 .text.stm32_exti_is_pending
                0x080048a8       0x20 zephyr/drivers/interrupt_controller/libdrivers__interrupt_controller.a(intc_exti_stm32.c.obj)
                0x080048a8                stm32_exti_is_pending
 .text.stm32_exti_clear_pending
                0x080048c8       0x20 zephyr/drivers/interrupt_controller/libdrivers__interrupt_controller.a(intc_exti_stm32.c.obj)
                0x080048c8                stm32_exti_clear_pending
 .text.stm32_fill_irq_table
                0x080048e8       0x18 zephyr/drivers/interrupt_controller/libdrivers__interrupt_controller.a(intc_gpio_stm32.c.obj)
 .text.stm32_intc_gpio_isr
                0x08004900       0x4c zephyr/drivers/interrupt_controller/libdrivers__interrupt_controller.a(intc_gpio_stm32.c.obj)
 .text.stm32_gpio_intc_enable_line
                0x0800494c       0x2c zephyr/drivers/interrupt_controller/libdrivers__interrupt_controller.a(intc_gpio_stm32.c.obj)
                0x0800494c                stm32_gpio_intc_enable_line
 .text.stm32_gpio_intc_disable_line
                0x08004978       0x10 zephyr/drivers/interrupt_controller/libdrivers__interrupt_controller.a(intc_gpio_stm32.c.obj)
                0x08004978                stm32_gpio_intc_disable_line
 .text.stm32_gpio_intc_select_line_trigger
                0x08004988       0x50 zephyr/drivers/interrupt_controller/libdrivers__interrupt_controller.a(intc_gpio_stm32.c.obj)
                0x08004988                stm32_gpio_intc_select_line_trigger
 .text.stm32_gpio_intc_set_irq_callback
                0x080049d8       0x40 zephyr/drivers/interrupt_controller/libdrivers__interrupt_controller.a(intc_gpio_stm32.c.obj)
                0x080049d8                stm32_gpio_intc_set_irq_callback
 .text.stm32_gpio_intc_remove_irq_callback
                0x08004a18       0x24 zephyr/drivers/interrupt_controller/libdrivers__interrupt_controller.a(intc_gpio_stm32.c.obj)
                0x08004a18                stm32_gpio_intc_remove_irq_callback
 .text.stm32_exti_get_line_src_port
                0x08004a3c       0x30 zephyr/drivers/interrupt_controller/libdrivers__interrupt_controller.a(intc_gpio_stm32.c.obj)
                0x08004a3c                stm32_exti_get_line_src_port
 .text.stm32_clock_control_get_subsys_rate
                0x08004a6c       0xb0 zephyr/drivers/clock_control/libdrivers__clock_control.a(clock_stm32_ll_common.c.obj)
 .text.enabled_clock
                0x08004b1c       0x20 zephyr/drivers/clock_control/libdrivers__clock_control.a(clock_stm32_ll_common.c.obj)
                0x08004b1c                enabled_clock
 .text.stm32_clock_control_init
                0x08004b3c      0x140 zephyr/drivers/clock_control/libdrivers__clock_control.a(clock_stm32_ll_common.c.obj)
                0x08004b3c                stm32_clock_control_init
 .text.get_pllsrc_frequency
                0x08004c7c        0x8 zephyr/drivers/clock_control/libdrivers__clock_control.a(clock_stm32f2_f4_f7.c.obj)
                0x08004c7c                get_pllsrc_frequency
 .text.config_pll_sysclock
                0x08004c84       0x60 zephyr/drivers/clock_control/libdrivers__clock_control.a(clock_stm32f2_f4_f7.c.obj)
                0x08004c84                config_pll_sysclock
 .text.config_enable_default_clocks
                0x08004ce4       0x20 zephyr/drivers/clock_control/libdrivers__clock_control.a(clock_stm32f2_f4_f7.c.obj)
                0x08004ce4                config_enable_default_clocks
 .text.uart_console_init
                0x08004d04       0x28 zephyr/drivers/console/libdrivers__console.a(uart_console.c.obj)
 .text.console_out
                0x08004d2c       0x28 zephyr/drivers/console/libdrivers__console.a(uart_console.c.obj)
 .text.dac_stm32_write_value
                0x08004d54       0x6c zephyr/drivers/dac/libdrivers__dac.a(dac_stm32.c.obj)
 .text.dac_stm32_channel_setup
                0x08004dc0       0x6c zephyr/drivers/dac/libdrivers__dac.a(dac_stm32.c.obj)
 .text.dac_stm32_init
                0x08004e2c       0x4c zephyr/drivers/dac/libdrivers__dac.a(dac_stm32.c.obj)
 .text.gpio_stm32_pin_interrupt_configure
                0x08004e78       0xac zephyr/drivers/gpio/libdrivers__gpio.a(gpio_stm32.c.obj)
 .text.z_impl_pwm_capture_cycles
                0x08004f24       0xbc zephyr/drivers/pwm/libdrivers__pwm.a(pwm_capture.c.obj)
                0x08004f24                z_impl_pwm_capture_cycles
 .text.LL_TIM_IC_SetActiveInput
                0x08004fe0       0x78 zephyr/drivers/pwm/libdrivers__pwm.a(pwm_stm32.c.obj)
 .text.LL_TIM_IC_SetPolarity
                0x08005058       0x6c zephyr/drivers/pwm/libdrivers__pwm.a(pwm_stm32.c.obj)
 .text.pwm_stm32_disable_capture
                0x080050c4       0x68 zephyr/drivers/pwm/libdrivers__pwm.a(pwm_stm32.c.obj)
 .text.LL_TIM_IC_SetFilter.constprop.0
                0x0800512c       0x74 zephyr/drivers/pwm/libdrivers__pwm.a(pwm_stm32.c.obj)
 .text.LL_TIM_IC_SetPrescaler.constprop.0
                0x080051a0       0x74 zephyr/drivers/pwm/libdrivers__pwm.a(pwm_stm32.c.obj)
 .text.pwm_stm32_set_cycles
                0x08005214      0x340 zephyr/drivers/pwm/libdrivers__pwm.a(pwm_stm32.c.obj)
 .text.pwm_stm32_init
                0x08005554      0x1c0 zephyr/drivers/pwm/libdrivers__pwm.a(pwm_stm32.c.obj)
 .text.pwm_stm32_isr
                0x08005714      0x1d8 zephyr/drivers/pwm/libdrivers__pwm.a(pwm_stm32.c.obj)
 .text.pwm_stm32_enable_capture
                0x080058ec       0xc4 zephyr/drivers/pwm/libdrivers__pwm.a(pwm_stm32.c.obj)
 .text.pwm_stm32_configure_capture
                0x080059b0      0x1a4 zephyr/drivers/pwm/libdrivers__pwm.a(pwm_stm32.c.obj)
 .text.uart_stm32_irq_err_enable
                0x08005b54       0x78 zephyr/drivers/serial/libdrivers__serial.a(uart_stm32.c.obj)
 .text.uart_stm32_irq_err_disable
                0x08005bcc       0x78 zephyr/drivers/serial/libdrivers__serial.a(uart_stm32.c.obj)
 .text.uart_stm32_parameters_set
                0x08005c44      0x148 zephyr/drivers/serial/libdrivers__serial.a(uart_stm32.c.obj)
 .text.uart_stm32_init
                0x08005d8c      0x168 zephyr/drivers/serial/libdrivers__serial.a(uart_stm32.c.obj)
 .text.uart_stm32_configure
                0x08005ef4      0x11c zephyr/drivers/serial/libdrivers__serial.a(uart_stm32.c.obj)
 .text.elapsed  0x08006010       0x44 zephyr/drivers/timer/libdrivers__timer.a(cortex_m_systick.c.obj)
 .text.sys_clock_driver_init
                0x08006054       0x34 zephyr/drivers/timer/libdrivers__timer.a(cortex_m_systick.c.obj)
 .text.sys_clock_isr
                0x08006088       0x6c zephyr/drivers/timer/libdrivers__timer.a(cortex_m_systick.c.obj)
                0x08006088                sys_clock_isr
 .text.sys_clock_set_timeout
                0x080060f4       0xf8 zephyr/drivers/timer/libdrivers__timer.a(cortex_m_systick.c.obj)
                0x080060f4                sys_clock_set_timeout
 .text.sys_clock_elapsed
                0x080061ec       0x3c zephyr/drivers/timer/libdrivers__timer.a(cortex_m_systick.c.obj)
                0x080061ec                sys_clock_elapsed
 .text.sys_clock_cycle_get_32
                0x08006228       0x28 zephyr/drivers/timer/libdrivers__timer.a(cortex_m_systick.c.obj)
                0x08006228                sys_clock_cycle_get_32
 .text.HAL_RCC_GetSysClockFreq
                0x08006250       0x5c modules/hal_stm32/stm32cube/lib..__modules__hal__stm32__stm32cube.a(stm32f7xx_hal_rcc.c.obj)
                0x08006250                HAL_RCC_GetSysClockFreq
 .text.LL_SetFlashLatency
                0x080062ac       0xf4 modules/hal_stm32/stm32cube/lib..__modules__hal__stm32__stm32cube.a(stm32f7xx_ll_utils.c.obj)
                0x080062ac                LL_SetFlashLatency
 .text.z_device_get_all_static
                0x080063a0       0x14 zephyr/kernel/libkernel.a(device.c.obj)
                0x080063a0                z_device_get_all_static
 .text.z_fatal_error
                0x080063b4       0x30 zephyr/kernel/libkernel.a(fatal.c.obj)
                0x080063b4                z_fatal_error
 .text.z_sys_init_run_level
                0x080063e4       0x30 zephyr/kernel/libkernel.a(init.c.obj)
 .text.bg_thread_main
                0x08006414       0xbc zephyr/kernel/libkernel.a(init.c.obj)
 .text.z_init_cpu
                0x080064d0       0x78 zephyr/kernel/libkernel.a(init.c.obj)
                0x080064d0                z_init_cpu
 .text.z_cstart
                0x08006548       0xc4 zephyr/kernel/libkernel.a(init.c.obj)
                0x08006548                z_cstart
 .text.statics_init
                0x0800660c       0x24 zephyr/kernel/libkernel.a(kheap.c.obj)
 .text.k_heap_alloc
                0x08006630       0x1c zephyr/kernel/libkernel.a(kheap.c.obj)
                0x08006630                k_heap_alloc
 .text.z_impl_k_sem_give
                0x0800664c       0x68 zephyr/kernel/libkernel.a(sem.c.obj)
                0x0800664c                z_impl_k_sem_give
 .text.z_impl_k_sem_take
                0x080066b4       0x4c zephyr/kernel/libkernel.a(sem.c.obj)
                0x080066b4                z_impl_k_sem_take
 .text.z_impl_k_thread_name_set
                0x08006700       0x20 zephyr/kernel/libkernel.a(thread.c.obj)
                0x08006700                z_impl_k_thread_name_set
 .text.k_thread_state_str
                0x08006720       0x7c zephyr/kernel/libkernel.a(thread.c.obj)
                0x08006720                k_thread_state_str
 .text.z_setup_new_thread
                0x0800679c       0xf8 zephyr/kernel/libkernel.a(thread.c.obj)
                0x0800679c                z_setup_new_thread
 .text.z_impl_k_thread_create
                0x08006894       0x58 zephyr/kernel/libkernel.a(thread.c.obj)
                0x08006894                z_impl_k_thread_create
 .text.z_dummy_thread_init
                0x080068ec       0x1c zephyr/kernel/libkernel.a(thread.c.obj)
                0x080068ec                z_dummy_thread_init
 .text.z_swap_irqlock
                0x08006908       0x34 zephyr/kernel/libkernel.a(sched.c.obj)
 .text.ready_thread
                0x0800693c       0x80 zephyr/kernel/libkernel.a(sched.c.obj)
 .text.unready_thread
                0x080069bc       0x54 zephyr/kernel/libkernel.a(sched.c.obj)
 .text.add_thread_timeout
                0x08006a10       0x1c zephyr/kernel/libkernel.a(sched.c.obj)
 .text.reschedule.isra.0
                0x08006a2c       0x28 zephyr/kernel/libkernel.a(sched.c.obj)
 .text.move_current_to_end_of_prio_q
                0x08006a54       0x6c zephyr/kernel/libkernel.a(sched.c.obj)
                0x08006a54                move_current_to_end_of_prio_q
 .text.z_impl_k_thread_suspend
                0x08006ac0       0xf0 zephyr/kernel/libkernel.a(sched.c.obj)
                0x08006ac0                z_impl_k_thread_suspend
 .text.z_pend_curr
                0x08006bb0       0x44 zephyr/kernel/libkernel.a(sched.c.obj)
                0x08006bb0                z_pend_curr
 .text.k_sched_lock
                0x08006bf4       0x28 zephyr/kernel/libkernel.a(sched.c.obj)
                0x08006bf4                k_sched_lock
 .text.k_sched_unlock
                0x08006c1c       0x54 zephyr/kernel/libkernel.a(sched.c.obj)
                0x08006c1c                k_sched_unlock
 .text.z_sched_init
                0x08006c70       0x10 zephyr/kernel/libkernel.a(sched.c.obj)
                0x08006c70                z_sched_init
 .text.k_can_yield
                0x08006c80       0x48 zephyr/kernel/libkernel.a(sched.c.obj)
                0x08006c80                k_can_yield
 .text.z_impl_k_yield
                0x08006cc8       0x84 zephyr/kernel/libkernel.a(sched.c.obj)
                0x08006cc8                z_impl_k_yield
 .text.z_tick_sleep
                0x08006d4c       0x78 zephyr/kernel/libkernel.a(sched.c.obj)
 .text.z_impl_k_sched_current_thread_query
                0x08006dc4        0xc zephyr/kernel/libkernel.a(sched.c.obj)
                0x08006dc4                z_impl_k_sched_current_thread_query
 .text.z_thread_abort
                0x08006dd0      0x144 zephyr/kernel/libkernel.a(sched.c.obj)
                0x08006dd0                z_thread_abort
 .text.z_time_slice_size
                0x08006f14       0x40 zephyr/kernel/libkernel.a(timeslicing.c.obj)
 .text.slice_timeout
                0x08006f54       0x20 zephyr/kernel/libkernel.a(timeslicing.c.obj)
 .text.z_reset_time_slice
                0x08006f74       0x44 zephyr/kernel/libkernel.a(timeslicing.c.obj)
                0x08006f74                z_reset_time_slice
 .text.z_time_slice
                0x08006fb8       0x5c zephyr/kernel/libkernel.a(timeslicing.c.obj)
                0x08006fb8                z_time_slice
 .text.z_thread_monitor_exit
                0x08007014       0x3c zephyr/kernel/libkernel.a(thread_monitor.c.obj)
                0x08007014                z_thread_monitor_exit
 .text.k_thread_foreach
                0x08007050       0x34 zephyr/kernel/libkernel.a(thread_monitor.c.obj)
                0x08007050                k_thread_foreach
 .text.k_thread_foreach_unlocked
                0x08007084       0x48 zephyr/kernel/libkernel.a(thread_monitor.c.obj)
                0x08007084                k_thread_foreach_unlocked
 .text.first    0x080070cc       0x10 zephyr/kernel/libkernel.a(timeout.c.obj)
 .text.elapsed  0x080070dc       0x14 zephyr/kernel/libkernel.a(timeout.c.obj)
 .text.remove_timeout
                0x080070f0       0x38 zephyr/kernel/libkernel.a(timeout.c.obj)
 .text.z_add_timeout
                0x08007128      0x120 zephyr/kernel/libkernel.a(timeout.c.obj)
                0x08007128                z_add_timeout
 .text.sys_clock_announce_locked
                0x08007248       0xb8 zephyr/kernel/libkernel.a(timeout.c.obj)
                0x08007248                sys_clock_announce_locked
 .text.sys_clock_tick_get
                0x08007300       0x30 zephyr/kernel/libkernel.a(timeout.c.obj)
                0x08007300                sys_clock_tick_get
 .text.z_impl_k_timer_stop
                0x08007330       0x60 zephyr/kernel/libkernel.a(timer.c.obj)
                0x08007330                z_impl_k_timer_stop
 .text.k_event_post_internal
                0x08007390       0x4c zephyr/kernel/libkernel.a(events.c.obj)
 .text.boot_banner
                0x080073dc        0xc zephyr/kernel/libkernel.a(banner.c.obj)
                0x080073dc                boot_banner
 .text.gmtime_r
                0x080073e8      0x15c /home/gusta/zephyr-sdk/gnu/arm-zephyr-eabi/bin/../lib/gcc/arm-zephyr-eabi/14.3.0/../../../../arm-zephyr-eabi/lib/thumb/v7e-m/nofp/space/libc.a(libc_time_gmtime_r.c.o)
                0x080073e8                gmtime_r
 .text.snprintf
                0x08007544       0x54 /home/gusta/zephyr-sdk/gnu/arm-zephyr-eabi/bin/../lib/gcc/arm-zephyr-eabi/14.3.0/../../../../arm-zephyr-eabi/lib/thumb/v7e-m/nofp/space/libc.a(libc_tinystdio_snprintf.c.o)
                0x08007544                snprintf
 .text.strtol   0x08007598       0xe8 /home/gusta/zephyr-sdk/gnu/arm-zephyr-eabi/bin/../lib/gcc/arm-zephyr-eabi/14.3.0/../../../../arm-zephyr-eabi/lib/thumb/v7e-m/nofp/space/libc.a(libc_tinystdio_strtol.c.o)
                0x08007598                strtol
 .text.strtoul  0x08007680       0xcc /home/gusta/zephyr-sdk/gnu/arm-zephyr-eabi/bin/../lib/gcc/arm-zephyr-eabi/14.3.0/../../../../arm-zephyr-eabi/lib/thumb/v7e-m/nofp/space/libc.a(libc_tinystdio_strtoul.c.o)
                0x08007680                strtoul
 .text.strtoull
                0x0800774c      0x118 /home/gusta/zephyr-sdk/gnu/arm-zephyr-eabi/bin/../lib/gcc/arm-zephyr-eabi/14.3.0/../../../../arm-zephyr-eabi/lib/thumb/v7e-m/nofp/space/libc.a(libc_tinystdio_strtoull.c.o)
                0x0800774c                strtoull
 .text.__l_vfprintf
                0x08007864      0x488 /home/gusta/zephyr-sdk/gnu/arm-zephyr-eabi/bin/../lib/gcc/arm-zephyr-eabi/14.3.0/../../../../arm-zephyr-eabi/lib/thumb/v7e-m/nofp/space/libc.a(libc_tinystdio_vflprintf.c.o)
                0x08007864                __l_vfprintf
 .text.sinf     0x08007cec       0x6c /home/gusta/zephyr-sdk/gnu/arm-zephyr-eabi/bin/../lib/gcc/arm-zephyr-eabi/14.3.0/../../../../arm-zephyr-eabi/lib/thumb/v7e-m/nofp/space/libc.a(libm_math_sf_sin.c.o)
                0x08007cec                _sinf
                0x08007cec                sinf
 .text.__math_invalidf
                0x08007d58       0x10 /home/gusta/zephyr-sdk/gnu/arm-zephyr-eabi/bin/../lib/gcc/arm-zephyr-eabi/14.3.0/../../../../arm-zephyr-eabi/lib/thumb/v7e-m/nofp/space/libc.a(libm_common_math_errf_invalidf.c.o)
                0x08007d58                __math_invalidf
 .text.__kernel_cosf
                0x08007d68       0xf4 /home/gusta/zephyr-sdk/gnu/arm-zephyr-eabi/bin/../lib/gcc/arm-zephyr-eabi/14.3.0/../../../../arm-zephyr-eabi/lib/thumb/v7e-m/nofp/space/libc.a(libm_math_kf_cos.c.o)
                0x08007d68                __kernel_cosf
 .text.__kernel_sinf
                0x08007e5c       0xe4 /home/gusta/zephyr-sdk/gnu/arm-zephyr-eabi/bin/../lib/gcc/arm-zephyr-eabi/14.3.0/../../../../arm-zephyr-eabi/lib/thumb/v7e-m/nofp/space/libc.a(libm_math_kf_sin.c.o)
                0x08007e5c                __kernel_sinf
 .text.__rem_pio2f
                0x08007f40      0x2c8 /home/gusta/zephyr-sdk/gnu/arm-zephyr-eabi/bin/../lib/gcc/arm-zephyr-eabi/14.3.0/../../../../arm-zephyr-eabi/lib/thumb/v7e-m/nofp/space/libc.a(libm_math_sf_rem_pio2.c.o)
                0x08007f40                __rem_pio2f
 .text.__kernel_rem_pio2f
                0x08008208      0x538 /home/gusta/zephyr-sdk/gnu/arm-zephyr-eabi/bin/../lib/gcc/arm-zephyr-eabi/14.3.0/../../../../arm-zephyr-eabi/lib/thumb/v7e-m/nofp/space/libc.a(libm_math_kf_rem_pio2.c.o)
                0x08008208                __kernel_rem_pio2f
 .text.scalbnf  0x08008740       0x88 /home/gusta/zephyr-sdk/gnu/arm-zephyr-eabi/bin/../lib/gcc/arm-zephyr-eabi/14.3.0/../../../../arm-zephyr-eabi/lib/thumb/v7e-m/nofp/space/libc.a(libm_common_sf_scalbn.c.o)
                0x08008740                ldexpf
                0x08008740                scalbnf
 .text.__math_oflowf
                0x080087c8       0x10 /home/gusta/zephyr-sdk/gnu/arm-zephyr-eabi/bin/../lib/gcc/arm-zephyr-eabi/14.3.0/../../../../arm-zephyr-eabi/lib/thumb/v7e-m/nofp/space/libc.a(libm_common_math_errf_oflowf.c.o)
                0x080087c8                __math_oflowf
 .text.floorf   0x080087d8       0x60 /home/gusta/zephyr-sdk/gnu/arm-zephyr-eabi/bin/../lib/gcc/arm-zephyr-eabi/14.3.0/../../../../arm-zephyr-eabi/lib/thumb/v7e-m/nofp/space/libc.a(libm_machine_arm_sf_floor.c.o)
                0x080087d8                floorf
 .text._OffsetAbsSyms
                0x08008838        0x2 zephyr/CMakeFiles/offsets.dir/./arch/arm/core/offsets/offsets.c.obj
                0x08008838                _OffsetAbsSyms
 .text.chunk_field
                0x0800883a       0x16 zephyr/libzephyr.a(heap.c.obj)
 .text.chunk_set
                0x08008850       0x16 zephyr/libzephyr.a(heap.c.obj)
 .text.chunk_size
                0x08008866        0xc zephyr/libzephyr.a(heap.c.obj)
 .text.set_chunk_used
                0x08008872       0x30 zephyr/libzephyr.a(heap.c.obj)
 .text.set_chunk_size
                0x080088a2        0x8 zephyr/libzephyr.a(heap.c.obj)
 .text.undersized_chunk
                0x080088aa       0x1c zephyr/libzephyr.a(heap.c.obj)
 .text.mem_to_chunkid
                0x080088c6       0x14 zephyr/libzephyr.a(heap.c.obj)
 .text.bucket_idx
                0x080088da       0x14 zephyr/libzephyr.a(heap.c.obj)
 .text.free_list_remove_bidx
                0x080088ee       0x5c zephyr/libzephyr.a(heap.c.obj)
 .text.free_list_remove
                0x0800894a       0x2c zephyr/libzephyr.a(heap.c.obj)
 .text.alloc_chunk
                0x08008976       0x74 zephyr/libzephyr.a(heap.c.obj)
 .text.split_chunks
                0x080089ea       0x4e zephyr/libzephyr.a(heap.c.obj)
 .text.merge_chunks
                0x08008a38       0x3c zephyr/libzephyr.a(heap.c.obj)
 .text.free_list_add
                0x08008a74       0x82 zephyr/libzephyr.a(heap.c.obj)
 .text.sys_heap_free
                0x08008af6       0xc2 zephyr/libzephyr.a(heap.c.obj)
                0x08008af6                sys_heap_free
 .text.sys_heap_alloc
                0x08008bb8       0x78 zephyr/libzephyr.a(heap.c.obj)
                0x08008bb8                sys_heap_alloc
 .text.sys_heap_noalign_alloc
                0x08008c30        0x6 zephyr/libzephyr.a(heap.c.obj)
                0x08008c30                sys_heap_noalign_alloc
 .text.sys_heap_init
                0x08008c36       0xa4 zephyr/libzephyr.a(heap.c.obj)
                0x08008c36                sys_heap_init
 .text.timespec_add
                0x08008cda       0x60 zephyr/libzephyr.a(clock.c.obj)
 .text.arch_printk_char_out
                0x08008d3a        0x4 zephyr/libzephyr.a(printk.c.obj)
                0x08008d3a                arch_printk_char_out
 .text.printk   0x08008d3e       0x1a zephyr/libzephyr.a(printk.c.obj)
                0x08008d3e                printk
 .text.ring_buf_area_claim
                0x08008d58       0x30 zephyr/libzephyr.a(ring_buffer.c.obj)
                0x08008d58                ring_buf_area_claim
 .text.ring_buf_put_claim
                0x08008d88       0x1e zephyr/libzephyr.a(ring_buffer.c.obj)
 .text.ring_buf_get_claim
                0x08008da6       0x1e zephyr/libzephyr.a(ring_buffer.c.obj)
 .text.ring_buf_area_finish
                0x08008dc4       0x32 zephyr/libzephyr.a(ring_buffer.c.obj)
                0x08008dc4                ring_buf_area_finish
 .text.ring_buf_put
                0x08008df6       0x40 zephyr/libzephyr.a(ring_buffer.c.obj)
                0x08008df6                ring_buf_put
 .text.ring_buf_get
                0x08008e36       0x44 zephyr/libzephyr.a(ring_buffer.c.obj)
                0x08008e36                ring_buf_get
 .text._ConfigAbsSyms
                0x08008e7a        0x2 zephyr/libzephyr.a(configs.c.obj)
                0x08008e7a                _ConfigAbsSyms
 .text.stm32_gpioport_configure_pin
                0x08008e7c      0x11a zephyr/libzephyr.a(gpioport_mgr.c.obj)
                0x08008e7c                stm32_gpioport_configure_pin
 .text.thread_valid_cb
                0x08008f96        0xc zephyr/libzephyr.a(thread.c.obj)
 .text.uart_irq_tx_disable
                0x08008fa2        0xa zephyr/libzephyr.a(shell_uart.c.obj)
 .text.enable   0x08008fac       0x12 zephyr/libzephyr.a(shell_uart.c.obj)
 .text.read_uart
                0x08008fbe       0x12 zephyr/libzephyr.a(shell_uart.c.obj)
 .text.uninit   0x08008fd0       0x20 zephyr/libzephyr.a(shell_uart.c.obj)
 .text.write_uart
                0x08008ff0       0x6c zephyr/libzephyr.a(shell_uart.c.obj)
 .text.uart_callback
                0x0800905c      0x112 zephyr/libzephyr.a(shell_uart.c.obj)
 .text.cmd_buffer_clear
                0x0800916e       0x16 zephyr/libzephyr.a(shell.c.obj)
 .text.atomic_or
                0x08009184       0x1e zephyr/libzephyr.a(shell.c.obj)
 .text.atomic_and
                0x080091a2       0x1e zephyr/libzephyr.a(shell.c.obj)
 .text.z_shell_raw_fprintf
                0x080091c0       0x1a zephyr/libzephyr.a(shell.c.obj)
 .text.z_shell_strlen
                0x080091da        0xc zephyr/libzephyr.a(shell.c.obj)
 .text.z_shell_unlock.isra.0
                0x080091e6        0x8 zephyr/libzephyr.a(shell.c.obj)
 .text.z_shell_lock.isra.0
                0x080091ee       0x10 zephyr/libzephyr.a(shell.c.obj)
 .text.z_flag_cmd_ctx_set.isra.0
                0x080091fe       0x16 zephyr/libzephyr.a(shell.c.obj)
 .text.z_flag_history_exit_set.isra.0
                0x08009214       0x16 zephyr/libzephyr.a(shell.c.obj)
 .text.z_flag_insert_mode_set.isra.0
                0x0800922a       0x1e zephyr/libzephyr.a(shell.c.obj)
 .text.shell_signal_handle
                0x08009248       0x38 zephyr/libzephyr.a(shell.c.obj)
 .text.z_shell_trylock.constprop.0.isra.0
                0x08009280       0x12 zephyr/libzephyr.a(shell.c.obj)
 .text.transport_evt_handler
                0x08009292       0x14 zephyr/libzephyr.a(shell.c.obj)
 .text.shell_process
                0x080092a6       0x32 zephyr/libzephyr.a(shell.c.obj)
                0x080092a6                shell_process
 .text.shell_start
                0x080092d8       0x48 zephyr/libzephyr.a(shell.c.obj)
                0x080092d8                shell_start
 .text.shell_vfprintf
                0x08009320       0x8c zephyr/libzephyr.a(shell.c.obj)
                0x08009320                shell_vfprintf
 .text.shell_fprintf_impl
                0x080093ac       0x1a zephyr/libzephyr.a(shell.c.obj)
                0x080093ac                shell_fprintf_impl
 .text.shell_fprintf_info
                0x080093c6       0x1c zephyr/libzephyr.a(shell.c.obj)
                0x080093c6                shell_fprintf_info
 .text.shell_fprintf_normal
                0x080093e2       0x1c zephyr/libzephyr.a(shell.c.obj)
                0x080093e2                shell_fprintf_normal
 .text.shell_fprintf_warn
                0x080093fe       0x1c zephyr/libzephyr.a(shell.c.obj)
                0x080093fe                shell_fprintf_warn
 .text.shell_fprintf_error
                0x0800941a       0x1c zephyr/libzephyr.a(shell.c.obj)
                0x0800941a                shell_fprintf_error
 .text.shell_prompt_change
                0x08009436       0x4e zephyr/libzephyr.a(shell.c.obj)
                0x08009436                shell_prompt_change
 .text.shell_help
                0x08009484       0x24 zephyr/libzephyr.a(shell.c.obj)
                0x08009484                shell_help
 .text.shell_get_return_value
                0x080094a8       0x10 zephyr/libzephyr.a(shell.c.obj)
                0x080094a8                shell_get_return_value
 .text.shell_set_bypass
                0x080094b8       0x16 zephyr/libzephyr.a(shell.c.obj)
                0x080094b8                shell_set_bypass
 .text.z_shell_fprintf_buffer_flush
                0x080094ce       0x18 zephyr/libzephyr.a(shell_fprintf.c.obj)
                0x080094ce                z_shell_fprintf_buffer_flush
 .text.out_func
                0x080094e6       0x3c zephyr/libzephyr.a(shell_fprintf.c.obj)
 .text.z_shell_strlen
                0x08009522        0xc zephyr/libzephyr.a(shell_utils.c.obj)
 .text.shell_device_internal
                0x0800952e       0x8e zephyr/libzephyr.a(shell_utils.c.obj)
 .text.z_column_span_with_buffer_offsets_get
                0x080095bc       0x1e zephyr/libzephyr.a(shell_utils.c.obj)
                0x080095bc                z_column_span_with_buffer_offsets_get
 .text.z_row_span_with_buffer_offsets_get
                0x080095da       0x16 zephyr/libzephyr.a(shell_utils.c.obj)
                0x080095da                z_row_span_with_buffer_offsets_get
 .text.z_shell_multiline_data_calc
                0x080095f0       0x2c zephyr/libzephyr.a(shell_utils.c.obj)
                0x080095f0                z_shell_multiline_data_calc
 .text.z_shell_make_argv
                0x0800961c      0x15e zephyr/libzephyr.a(shell_utils.c.obj)
                0x0800961c                z_shell_make_argv
 .text.z_shell_pattern_remove
                0x0800977a       0x4e zephyr/libzephyr.a(shell_utils.c.obj)
                0x0800977a                z_shell_pattern_remove
 .text.z_shell_find_cmd
                0x080097c8       0x58 zephyr/libzephyr.a(shell_utils.c.obj)
                0x080097c8                z_shell_find_cmd
 .text.z_shell_get_last_command
                0x08009820       0x5c zephyr/libzephyr.a(shell_utils.c.obj)
                0x08009820                z_shell_get_last_command
 .text.z_shell_spaces_trim
                0x0800987c       0x60 zephyr/libzephyr.a(shell_utils.c.obj)
                0x0800987c                z_shell_spaces_trim
 .text.z_shell_cmd_trim
                0x080098dc       0x74 zephyr/libzephyr.a(shell_utils.c.obj)
                0x080098dc                z_shell_cmd_trim
 .text.shell_device_lookup_all
                0x08009950        0x8 zephyr/libzephyr.a(shell_utils.c.obj)
                0x08009950                shell_device_lookup_all
 .text.shell_device_lookup_non_ready
                0x08009958        0x8 zephyr/libzephyr.a(shell_utils.c.obj)
                0x08009958                shell_device_lookup_non_ready
 .text.shell_device_get_binding_all
                0x08009960       0x84 zephyr/libzephyr.a(shell_utils.c.obj)
                0x08009960                shell_device_get_binding_all
 .text.z_shell_raw_fprintf
                0x080099e4       0x1a zephyr/libzephyr.a(shell_ops.c.obj)
 .text.full_line_cmd.isra.0
                0x080099fe       0x24 zephyr/libzephyr.a(shell_ops.c.obj)
 .text.z_shell_cursor_in_empty_line
                0x08009a22       0x2e zephyr/libzephyr.a(shell_ops.c.obj)
                0x08009a22                z_shell_cursor_in_empty_line
 .text.z_shell_op_cond_next_line
                0x08009a50       0x1e zephyr/libzephyr.a(shell_ops.c.obj)
                0x08009a50                z_shell_op_cond_next_line
 .text.z_shell_op_cursor_position_synchronize
                0x08009a6e       0x4a zephyr/libzephyr.a(shell_ops.c.obj)
                0x08009a6e                z_shell_op_cursor_position_synchronize
 .text.z_shell_op_cursor_move
                0x08009ab8       0x50 zephyr/libzephyr.a(shell_ops.c.obj)
                0x08009ab8                z_shell_op_cursor_move
 .text.z_shell_op_cursor_word_move
                0x08009b08       0x7e zephyr/libzephyr.a(shell_ops.c.obj)
                0x08009b08                z_shell_op_cursor_word_move
 .text.z_shell_op_cursor_home_move
                0x08009b86        0xe zephyr/libzephyr.a(shell_ops.c.obj)
                0x08009b86                z_shell_op_cursor_home_move
 .text.z_shell_op_cursor_end_move
                0x08009b94       0x12 zephyr/libzephyr.a(shell_ops.c.obj)
                0x08009b94                z_shell_op_cursor_end_move
 .text.z_shell_op_left_arrow
                0x08009ba6       0x12 zephyr/libzephyr.a(shell_ops.c.obj)
                0x08009ba6                z_shell_op_left_arrow
 .text.z_shell_op_right_arrow
                0x08009bb8       0x16 zephyr/libzephyr.a(shell_ops.c.obj)
                0x08009bb8                z_shell_op_right_arrow
 .text.z_shell_op_delete_from_cursor
                0x08009bce       0x1c zephyr/libzephyr.a(shell_ops.c.obj)
                0x08009bce                z_shell_op_delete_from_cursor
 .text.z_shell_cmd_line_erase
                0x08009bea       0x36 zephyr/libzephyr.a(shell_ops.c.obj)
                0x08009bea                z_shell_cmd_line_erase
 .text.z_shell_write
                0x08009c20       0x82 zephyr/libzephyr.a(shell_ops.c.obj)
                0x08009c20                z_shell_write
 .text.z_shell_print_stream
                0x08009ca2        0x4 zephyr/libzephyr.a(shell_ops.c.obj)
                0x08009ca2                z_shell_print_stream
 .text.z_shell_vfprintf
                0x08009ca6       0x4a zephyr/libzephyr.a(shell_ops.c.obj)
                0x08009ca6                z_shell_vfprintf
 .text.z_shell_fprintf
                0x08009cf0       0x1a zephyr/libzephyr.a(shell_ops.c.obj)
                0x08009cf0                z_shell_fprintf
 .text.data_insert
                0x08009d0a       0x74 zephyr/libzephyr.a(shell_ops.c.obj)
 .text.z_shell_op_completion_insert
                0x08009d7e        0x4 zephyr/libzephyr.a(shell_ops.c.obj)
                0x08009d7e                z_shell_op_completion_insert
 .text.z_shell_op_char_delete
                0x08009d82       0x3e zephyr/libzephyr.a(shell_ops.c.obj)
                0x08009d82                z_shell_op_char_delete
 .text.z_shell_op_char_backspace
                0x08009dc0       0x26 zephyr/libzephyr.a(shell_ops.c.obj)
                0x08009dc0                z_shell_op_char_backspace
 .text.z_shell_backend_rx_buffer_flush
                0x08009de6       0x2a zephyr/libzephyr.a(shell_ops.c.obj)
                0x08009de6                z_shell_backend_rx_buffer_flush
 .text.shell_help_is_structured
                0x08009e10       0x24 zephyr/libzephyr.a(shell_help.c.obj)
 .text.z_shell_raw_fprintf
                0x08009e34       0x1a zephyr/libzephyr.a(shell_help.c.obj)
 .text.formatted_text_print.part.0
                0x08009e4e       0xcc zephyr/libzephyr.a(shell_help.c.obj)
 .text.cmd_comment
                0x08009f1a        0x4 zephyr/libzephyr.a(shell_cmds.c.obj)
 .text.cmd_shell_stats_reset
                0x08009f1e        0x8 zephyr/libzephyr.a(shell_cmds.c.obj)
 .text.z_shell_raw_fprintf
                0x08009f26       0x1a zephyr/libzephyr.a(shell_cmds.c.obj)
 .text.cmd_prompt_on
                0x08009f40        0xc zephyr/libzephyr.a(shell_cmds.c.obj)
 .text.cmd_echo_on
                0x08009f4c       0x22 zephyr/libzephyr.a(shell_cmds.c.obj)
 .text.cmd_backspace_mode_backspace
                0x08009f6e       0x22 zephyr/libzephyr.a(shell_cmds.c.obj)
 .text.cmd_colors_off
                0x08009f90       0x22 zephyr/libzephyr.a(shell_cmds.c.obj)
 .text.cmd_vt100_off
                0x08009fb2       0x22 zephyr/libzephyr.a(shell_cmds.c.obj)
 .text.cmd_echo_off
                0x08009fd4       0x22 zephyr/libzephyr.a(shell_cmds.c.obj)
 .text.cmd_backspace_mode_delete
                0x08009ff6       0x22 zephyr/libzephyr.a(shell_cmds.c.obj)
 .text.cmd_colors_on
                0x0800a018       0x22 zephyr/libzephyr.a(shell_cmds.c.obj)
 .text.cmd_vt100_on
                0x0800a03a       0x22 zephyr/libzephyr.a(shell_cmds.c.obj)
 .text.z_shell_history_mode_exit
                0x0800a05c        0x6 zephyr/libzephyr.a(shell_history.c.obj)
                0x0800a05c                z_shell_history_mode_exit
 .text.z_shell_history_get
                0x0800a062       0x56 zephyr/libzephyr.a(shell_history.c.obj)
                0x0800a062                z_shell_history_get
 .text.z_shell_history_put
                0x0800a0b8       0x76 zephyr/libzephyr.a(shell_history.c.obj)
                0x0800a0b8                z_shell_history_put
 .text.z_shell_history_purge
                0x0800a12e       0x2a zephyr/libzephyr.a(shell_history.c.obj)
                0x0800a12e                z_shell_history_purge
 .text.z_shell_has_wildcard
                0x0800a158       0x28 zephyr/libzephyr.a(shell_wildcard.c.obj)
                0x0800a158                z_shell_has_wildcard
 .text.z_shell_wildcard_prepare
                0x0800a180       0x42 zephyr/libzephyr.a(shell_wildcard.c.obj)
                0x0800a180                z_shell_wildcard_prepare
 .text.z_shell_wildcard_finalize
                0x0800a1c2       0x20 zephyr/libzephyr.a(shell_wildcard.c.obj)
                0x0800a1c2                z_shell_wildcard_finalize
 .text.arch_early_memset
                0x0800a1e2        0x4 zephyr/arch/common/libarch__common.a(init.c.obj)
                0x0800a1e2                arch_early_memset
 .text.arch_early_memcpy
                0x0800a1e6        0x4 zephyr/arch/common/libarch__common.a(init.c.obj)
                0x0800a1e6                arch_early_memcpy
 .text.z_do_kernel_oops
                0x0800a1ea        0x8 zephyr/arch/arch/arm/core/libarch__arm__core.a(fatal.c.obj)
                0x0800a1ea                z_do_kernel_oops
 .text.z_arm_nmi
                0x0800a1f2        0xe zephyr/arch/arch/arm/core/libarch__arm__core.a(nmi.c.obj)
                0x0800a1f2                z_arm_nmi
 .text.z_irq_spurious
                0x0800a200        0x8 zephyr/arch/arch/arm/core/cortex_m/libarch__arm__core__cortex_m.a(irq_manage.c.obj)
                0x0800a200                z_irq_spurious
 .text.arch_coprocessors_disable
                0x0800a208        0x6 zephyr/arch/arch/arm/core/cortex_m/libarch__arm__core__cortex_m.a(thread.c.obj)
                0x0800a208                arch_coprocessors_disable
 .text.arch_irq_unlock_outlined
                0x0800a20e        0xe zephyr/arch/arch/arm/core/cortex_m/libarch__arm__core__cortex_m.a(thread.c.obj)
                0x0800a20e                arch_irq_unlock_outlined
 .text.arch_cpu_idle
                0x0800a21c       0x1a zephyr/arch/arch/arm/core/cortex_m/libarch__arm__core__cortex_m.a(cpu_idle.c.obj)
                0x0800a21c                arch_cpu_idle
 .text.size_to_mpu_rasr_size
                0x0800a236       0x20 zephyr/arch/arch/arm/core/mpu/libarch__arm__core__mpu.a(arm_mpu.c.obj)
 .text.cbputc   0x0800a256        0xc zephyr/lib/libc/picolibc/liblib__libc__picolibc.a(cbprintf.c.obj)
 .text.picolibc_put
                0x0800a262        0xa zephyr/lib/libc/picolibc/liblib__libc__picolibc.a(stdio.c.obj)
 .text.foldcase
                0x0800a26c       0x10 zephyr/subsys/portability/posix/c_lib_ext/libsubsys__portability__posix__c_lib_ext.a(fnmatch.c.obj)
 .text.fnmatch  0x0800a27c       0x14 zephyr/subsys/portability/posix/c_lib_ext/libsubsys__portability__posix__c_lib_ext.a(fnmatch.c.obj)
                0x0800a27c                fnmatch
 .text.stm32_exti_gpio_intc_init
                0x0800a290       0x92 zephyr/drivers/interrupt_controller/libdrivers__interrupt_controller.a(intc_gpio_stm32.c.obj)
 .text.stm32_gpio_intc_get_pin_irq_line
                0x0800a322        0xa zephyr/drivers/interrupt_controller/libdrivers__interrupt_controller.a(intc_gpio_stm32.c.obj)
                0x0800a322                stm32_gpio_intc_get_pin_irq_line
 .text.stm32_exti_set_line_src_port
                0x0800a32c       0x36 zephyr/drivers/interrupt_controller/libdrivers__interrupt_controller.a(intc_gpio_stm32.c.obj)
                0x0800a32c                stm32_exti_set_line_src_port
 .text.stm32_clock_control_on
                0x0800a362       0x44 zephyr/drivers/clock_control/libdrivers__clock_control.a(clock_stm32_ll_common.c.obj)
 .text.stm32_clock_control_off
                0x0800a3a6       0x2e zephyr/drivers/clock_control/libdrivers__clock_control.a(clock_stm32_ll_common.c.obj)
 .text.stm32_clock_control_configure
                0x0800a3d4       0x46 zephyr/drivers/clock_control/libdrivers__clock_control.a(clock_stm32_ll_common.c.obj)
 .text.stm32_clock_control_get_status
                0x0800a41a       0x38 zephyr/drivers/clock_control/libdrivers__clock_control.a(clock_stm32_ll_common.c.obj)
 .text.config_regulator_voltage
                0x0800a452        0x2 zephyr/drivers/clock_control/libdrivers__clock_control.a(clock_stm32_ll_common.c.obj)
                0x0800a452                config_regulator_voltage
 .text.gpio_stm32_port_get_raw
                0x0800a454        0xc zephyr/drivers/gpio/libdrivers__gpio.a(gpio_stm32.c.obj)
 .text.gpio_stm32_port_set_masked_raw
                0x0800a460       0x12 zephyr/drivers/gpio/libdrivers__gpio.a(gpio_stm32.c.obj)
 .text.gpio_stm32_port_set_bits_raw
                0x0800a472        0xa zephyr/drivers/gpio/libdrivers__gpio.a(gpio_stm32.c.obj)
 .text.gpio_stm32_port_clear_bits_raw
                0x0800a47c        0xc zephyr/drivers/gpio/libdrivers__gpio.a(gpio_stm32.c.obj)
 .text.gpio_stm32_port_toggle_bits
                0x0800a488        0xe zephyr/drivers/gpio/libdrivers__gpio.a(gpio_stm32.c.obj)
 .text.gpio_stm32_manage_callback
                0x0800a496       0x54 zephyr/drivers/gpio/libdrivers__gpio.a(gpio_stm32.c.obj)
 .text.gpio_stm32_config
                0x0800a4ea       0xd6 zephyr/drivers/gpio/libdrivers__gpio.a(gpio_stm32.c.obj)
 .text.gpio_stm32_isr
                0x0800a5c0       0x2c zephyr/drivers/gpio/libdrivers__gpio.a(gpio_stm32.c.obj)
 .text.pinctrl_lookup_state
                0x0800a5ec       0x24 zephyr/drivers/pinctrl/libdrivers__pinctrl.a(common.c.obj)
                0x0800a5ec                pinctrl_lookup_state
 .text.pinctrl_configure_pins
                0x0800a610       0x82 zephyr/drivers/pinctrl/libdrivers__pinctrl.a(pinctrl_stm32.c.obj)
                0x0800a610                pinctrl_configure_pins
 .text.z_pwm_capture_cycles_callback
                0x0800a692       0x10 zephyr/drivers/pwm/libdrivers__pwm.a(pwm_capture.c.obj)
 .text.LL_TIM_OC_SetCompareCH1
                0x0800a6a2        0x4 zephyr/drivers/pwm/libdrivers__pwm.a(pwm_stm32.c.obj)
 .text.LL_TIM_OC_SetCompareCH2
                0x0800a6a6        0x4 zephyr/drivers/pwm/libdrivers__pwm.a(pwm_stm32.c.obj)
 .text.LL_TIM_OC_SetCompareCH3
                0x0800a6aa        0x4 zephyr/drivers/pwm/libdrivers__pwm.a(pwm_stm32.c.obj)
 .text.LL_TIM_OC_SetCompareCH4
                0x0800a6ae        0x4 zephyr/drivers/pwm/libdrivers__pwm.a(pwm_stm32.c.obj)
 .text.LL_TIM_OC_SetCompareCH5
                0x0800a6b2        0xc zephyr/drivers/pwm/libdrivers__pwm.a(pwm_stm32.c.obj)
 .text.LL_TIM_OC_SetCompareCH6
                0x0800a6be        0x4 zephyr/drivers/pwm/libdrivers__pwm.a(pwm_stm32.c.obj)
 .text.LL_TIM_IC_GetCaptureCH1
                0x0800a6c2        0x4 zephyr/drivers/pwm/libdrivers__pwm.a(pwm_stm32.c.obj)
 .text.LL_TIM_IC_GetCaptureCH2
                0x0800a6c6        0x4 zephyr/drivers/pwm/libdrivers__pwm.a(pwm_stm32.c.obj)
 .text.LL_TIM_IC_GetCaptureCH3
                0x0800a6ca        0x4 zephyr/drivers/pwm/libdrivers__pwm.a(pwm_stm32.c.obj)
 .text.LL_TIM_IC_GetCaptureCH4
                0x0800a6ce        0x4 zephyr/drivers/pwm/libdrivers__pwm.a(pwm_stm32.c.obj)
 .text.LL_TIM_ClearFlag_CC1
                0x0800a6d2        0x8 zephyr/drivers/pwm/libdrivers__pwm.a(pwm_stm32.c.obj)
 .text.LL_TIM_IsActiveFlag_CC1
                0x0800a6da        0x8 zephyr/drivers/pwm/libdrivers__pwm.a(pwm_stm32.c.obj)
 .text.LL_TIM_ClearFlag_CC2
                0x0800a6e2        0x8 zephyr/drivers/pwm/libdrivers__pwm.a(pwm_stm32.c.obj)
 .text.LL_TIM_IsActiveFlag_CC2
                0x0800a6ea        0x8 zephyr/drivers/pwm/libdrivers__pwm.a(pwm_stm32.c.obj)
 .text.LL_TIM_ClearFlag_CC3
                0x0800a6f2        0x8 zephyr/drivers/pwm/libdrivers__pwm.a(pwm_stm32.c.obj)
 .text.LL_TIM_IsActiveFlag_CC3
                0x0800a6fa        0x8 zephyr/drivers/pwm/libdrivers__pwm.a(pwm_stm32.c.obj)
 .text.LL_TIM_ClearFlag_CC4
                0x0800a702        0x8 zephyr/drivers/pwm/libdrivers__pwm.a(pwm_stm32.c.obj)
 .text.LL_TIM_IsActiveFlag_CC4
                0x0800a70a        0x8 zephyr/drivers/pwm/libdrivers__pwm.a(pwm_stm32.c.obj)
 .text.LL_TIM_EnableIT_CC1
                0x0800a712        0xa zephyr/drivers/pwm/libdrivers__pwm.a(pwm_stm32.c.obj)
 .text.LL_TIM_DisableIT_CC1
                0x0800a71c        0xa zephyr/drivers/pwm/libdrivers__pwm.a(pwm_stm32.c.obj)
 .text.LL_TIM_EnableIT_CC2
                0x0800a726        0xa zephyr/drivers/pwm/libdrivers__pwm.a(pwm_stm32.c.obj)
 .text.LL_TIM_DisableIT_CC2
                0x0800a730        0xa zephyr/drivers/pwm/libdrivers__pwm.a(pwm_stm32.c.obj)
 .text.LL_TIM_EnableIT_CC3
                0x0800a73a        0xa zephyr/drivers/pwm/libdrivers__pwm.a(pwm_stm32.c.obj)
 .text.LL_TIM_DisableIT_CC3
                0x0800a744        0xa zephyr/drivers/pwm/libdrivers__pwm.a(pwm_stm32.c.obj)
 .text.LL_TIM_EnableIT_CC4
                0x0800a74e        0xa zephyr/drivers/pwm/libdrivers__pwm.a(pwm_stm32.c.obj)
 .text.LL_TIM_DisableIT_CC4
                0x0800a758        0xa zephyr/drivers/pwm/libdrivers__pwm.a(pwm_stm32.c.obj)
 .text.pwm_stm32_get_cycles_per_sec
                0x0800a762       0x16 zephyr/drivers/pwm/libdrivers__pwm.a(pwm_stm32.c.obj)
 .text.pwm_stm32_irq_config_func_0
                0x0800a778       0x16 zephyr/drivers/pwm/libdrivers__pwm.a(pwm_stm32.c.obj)
 .text.pwm_stm32_irq_config_func_1
                0x0800a78e       0x16 zephyr/drivers/pwm/libdrivers__pwm.a(pwm_stm32.c.obj)
 .text.pwm_stm32_irq_config_func_2
                0x0800a7a4       0x16 zephyr/drivers/pwm/libdrivers__pwm.a(pwm_stm32.c.obj)
 .text.reset_stm32_status
                0x0800a7ba       0x20 zephyr/drivers/reset/libdrivers__reset.a(reset_stm32.c.obj)
 .text.reset_stm32_line_assert
                0x0800a7da       0x1c zephyr/drivers/reset/libdrivers__reset.a(reset_stm32.c.obj)
 .text.reset_stm32_line_deassert
                0x0800a7f6       0x1e zephyr/drivers/reset/libdrivers__reset.a(reset_stm32.c.obj)
 .text.reset_stm32_line_toggle
                0x0800a814       0x16 zephyr/drivers/reset/libdrivers__reset.a(reset_stm32.c.obj)
 .text.uart_stm32_ll2cfg_databits
                0x0800a82a       0x2a zephyr/drivers/serial/libdrivers__serial.a(uart_stm32.c.obj)
 .text.uart_stm32_err_check
                0x0800a854       0x5a zephyr/drivers/serial/libdrivers__serial.a(uart_stm32.c.obj)
 .text.uart_stm32_irq_tx_enable
                0x0800a8ae       0x16 zephyr/drivers/serial/libdrivers__serial.a(uart_stm32.c.obj)
 .text.uart_stm32_irq_tx_disable
                0x0800a8c4       0x16 zephyr/drivers/serial/libdrivers__serial.a(uart_stm32.c.obj)
 .text.uart_stm32_irq_rx_enable
                0x0800a8da       0x16 zephyr/drivers/serial/libdrivers__serial.a(uart_stm32.c.obj)
 .text.uart_stm32_irq_rx_disable
                0x0800a8f0       0x16 zephyr/drivers/serial/libdrivers__serial.a(uart_stm32.c.obj)
 .text.uart_stm32_irq_rx_ready
                0x0800a906        0xc zephyr/drivers/serial/libdrivers__serial.a(uart_stm32.c.obj)
 .text.uart_stm32_irq_update
                0x0800a912        0x4 zephyr/drivers/serial/libdrivers__serial.a(uart_stm32.c.obj)
 .text.uart_stm32_irq_callback_set
                0x0800a916        0x8 zephyr/drivers/serial/libdrivers__serial.a(uart_stm32.c.obj)
 .text.uart_stm32_isr
                0x0800a91e        0xc zephyr/drivers/serial/libdrivers__serial.a(uart_stm32.c.obj)
 .text.uart_stm32_irq_config_func_0
                0x0800a92a       0x16 zephyr/drivers/serial/libdrivers__serial.a(uart_stm32.c.obj)
 .text.uart_stm32_irq_config_func_1
                0x0800a940       0x16 zephyr/drivers/serial/libdrivers__serial.a(uart_stm32.c.obj)
 .text.uart_stm32_set_baudrate.isra.0
                0x0800a956       0x48 zephyr/drivers/serial/libdrivers__serial.a(uart_stm32.c.obj)
 .text.uart_stm32_irq_tx_complete
                0x0800a99e        0xc zephyr/drivers/serial/libdrivers__serial.a(uart_stm32.c.obj)
 .text.uart_stm32_irq_tx_ready
                0x0800a9aa       0x14 zephyr/drivers/serial/libdrivers__serial.a(uart_stm32.c.obj)
 .text.uart_stm32_config_get
                0x0800a9be       0x92 zephyr/drivers/serial/libdrivers__serial.a(uart_stm32.c.obj)
 .text.uart_stm32_fifo_fill
                0x0800aa50       0x58 zephyr/drivers/serial/libdrivers__serial.a(uart_stm32.c.obj)
 .text.uart_stm32_poll_out
                0x0800aaa8       0x36 zephyr/drivers/serial/libdrivers__serial.a(uart_stm32.c.obj)
 .text.uart_stm32_irq_is_pending
                0x0800aade       0x24 zephyr/drivers/serial/libdrivers__serial.a(uart_stm32.c.obj)
 .text.uart_stm32_fifo_read
                0x0800ab02       0x42 zephyr/drivers/serial/libdrivers__serial.a(uart_stm32.c.obj)
 .text.uart_stm32_poll_in
                0x0800ab44       0x22 zephyr/drivers/serial/libdrivers__serial.a(uart_stm32.c.obj)
 .text.z_impl_k_busy_wait
                0x0800ab66       0x1c zephyr/kernel/libkernel.a(busy_wait.c.obj)
                0x0800ab66                z_impl_k_busy_wait
 .text.do_device_init
                0x0800ab82       0x30 zephyr/kernel/libkernel.a(device.c.obj)
                0x0800ab82                do_device_init
 .text.z_impl_device_init
                0x0800abb2       0x12 zephyr/kernel/libkernel.a(device.c.obj)
                0x0800abb2                z_impl_device_init
 .text.z_impl_device_is_ready
                0x0800abc4       0x16 zephyr/kernel/libkernel.a(device.c.obj)
                0x0800abc4                z_impl_device_is_ready
 .text.arch_system_halt
                0x0800abda       0x10 zephyr/kernel/libkernel.a(fatal.c.obj)
                0x0800abda                arch_system_halt
 .text.k_sys_fatal_error_handler
                0x0800abea        0x6 zephyr/kernel/libkernel.a(fatal.c.obj)
                0x0800abea                k_sys_fatal_error_handler
 .text.z_heap_alloc_helper
                0x0800abf0       0x84 zephyr/kernel/libkernel.a(kheap.c.obj)
 .text.k_heap_init
                0x0800ac74       0x10 zephyr/kernel/libkernel.a(kheap.c.obj)
                0x0800ac74                k_heap_init
 .text.k_heap_free
                0x0800ac84       0x38 zephyr/kernel/libkernel.a(kheap.c.obj)
                0x0800ac84                k_heap_free
 .text.idle     0x0800acbc       0x16 zephyr/kernel/libkernel.a(idle.c.obj)
                0x0800acbc                idle
 .text.z_impl_k_sem_init
                0x0800acd2       0x18 zephyr/kernel/libkernel.a(sem.c.obj)
                0x0800acd2                z_impl_k_sem_init
 .text.k_is_in_isr
                0x0800acea        0xc zephyr/kernel/libkernel.a(thread.c.obj)
                0x0800acea                k_is_in_isr
 .text.k_thread_name_get
                0x0800acf6        0x4 zephyr/kernel/libkernel.a(thread.c.obj)
                0x0800acf6                k_thread_name_get
 .text.z_stack_space_get
                0x0800acfa       0x18 zephyr/kernel/libkernel.a(thread.c.obj)
                0x0800acfa                z_stack_space_get
 .text.z_impl_k_thread_stack_space_get
                0x0800ad12       0x10 zephyr/kernel/libkernel.a(thread.c.obj)
                0x0800ad12                z_impl_k_thread_stack_space_get
 .text.sys_dlist_remove
                0x0800ad22       0x10 zephyr/kernel/libkernel.a(sched.c.obj)
 .text.unpend_thread_no_timeout
                0x0800ad32       0x14 zephyr/kernel/libkernel.a(sched.c.obj)
 .text.add_to_waitq_locked
                0x0800ad46       0x4c zephyr/kernel/libkernel.a(sched.c.obj)
 .text.z_ready_thread
                0x0800ad92       0x1e zephyr/kernel/libkernel.a(sched.c.obj)
                0x0800ad92                z_ready_thread
 .text.z_impl_k_thread_resume
                0x0800adb0       0x34 zephyr/kernel/libkernel.a(sched.c.obj)
                0x0800adb0                z_impl_k_thread_resume
 .text.z_sched_wake_thread_locked
                0x0800ade4       0x28 zephyr/kernel/libkernel.a(sched.c.obj)
                0x0800ade4                z_sched_wake_thread_locked
 .text.z_thread_timeout
                0x0800ae0c       0x20 zephyr/kernel/libkernel.a(sched.c.obj)
                0x0800ae0c                z_thread_timeout
 .text.z_unpend1_no_timeout
                0x0800ae2c       0x2c zephyr/kernel/libkernel.a(sched.c.obj)
                0x0800ae2c                z_unpend1_no_timeout
 .text.z_reschedule
                0x0800ae58        0x6 zephyr/kernel/libkernel.a(sched.c.obj)
                0x0800ae58                z_reschedule
 .text.z_unpend_all_locked
                0x0800ae5e       0x2e zephyr/kernel/libkernel.a(sched.c.obj)
                0x0800ae5e                z_unpend_all_locked
 .text.z_unpend_all
                0x0800ae8c       0x1e zephyr/kernel/libkernel.a(sched.c.obj)
                0x0800ae8c                z_unpend_all
 .text.z_impl_k_sleep
                0x0800aeaa       0x32 zephyr/kernel/libkernel.a(sched.c.obj)
                0x0800aeaa                z_impl_k_sleep
 .text.z_impl_k_wakeup
                0x0800aedc       0x40 zephyr/kernel/libkernel.a(sched.c.obj)
                0x0800aedc                z_impl_k_wakeup
 .text.z_sched_waitq_walk
                0x0800af1c       0x68 zephyr/kernel/libkernel.a(sched.c.obj)
                0x0800af1c                z_sched_waitq_walk
 .text.next_timeout
                0x0800af84       0x2e zephyr/kernel/libkernel.a(timeout.c.obj)
 .text.z_abort_timeout
                0x0800afb2       0x6a zephyr/kernel/libkernel.a(timeout.c.obj)
                0x0800afb2                z_abort_timeout
 .text.sys_clock_tick_get_32
                0x0800b01c        0x8 zephyr/kernel/libkernel.a(timeout.c.obj)
                0x0800b01c                sys_clock_tick_get_32
 .text.z_impl_k_uptime_ticks
                0x0800b024        0x4 zephyr/kernel/libkernel.a(timeout.c.obj)
                0x0800b024                z_impl_k_uptime_ticks
 .text.sys_timepoint_calc
                0x0800b028       0x4a zephyr/kernel/libkernel.a(timeout.c.obj)
                0x0800b028                sys_timepoint_calc
 .text.sys_timepoint_timeout
                0x0800b072       0x42 zephyr/kernel/libkernel.a(timeout.c.obj)
                0x0800b072                sys_timepoint_timeout
 .text.k_event_wait_internal
                0x0800b0b4       0x86 zephyr/kernel/libkernel.a(events.c.obj)
 .text.event_walk_op
                0x0800b13a       0x3e zephyr/kernel/libkernel.a(events.c.obj)
 .text.z_impl_k_event_init
                0x0800b178        0xa zephyr/kernel/libkernel.a(events.c.obj)
                0x0800b178                z_impl_k_event_init
 .text.z_impl_k_event_post
                0x0800b182        0x6 zephyr/kernel/libkernel.a(events.c.obj)
                0x0800b182                z_impl_k_event_post
 .text.z_impl_k_event_clear
                0x0800b188        0x8 zephyr/kernel/libkernel.a(events.c.obj)
                0x0800b188                z_impl_k_event_clear
 .text.z_impl_k_event_wait
                0x0800b190        0x6 zephyr/kernel/libkernel.a(events.c.obj)
                0x0800b190                z_impl_k_event_wait
 .text.memcpy   0x0800b196       0x1c /home/gusta/zephyr-sdk/gnu/arm-zephyr-eabi/bin/../lib/gcc/arm-zephyr-eabi/14.3.0/../../../../arm-zephyr-eabi/lib/thumb/v7e-m/nofp/space/libc.a(memcpy.c.o)
                0x0800b196                memcpy
                0x0800b196                __aeabi_memcpy
                0x0800b196                __aeabi_memcpy4
                0x0800b196                __aeabi_memcpy8
 .text.memmove  0x0800b1b2       0x32 /home/gusta/zephyr-sdk/gnu/arm-zephyr-eabi/bin/../lib/gcc/arm-zephyr-eabi/14.3.0/../../../../arm-zephyr-eabi/lib/thumb/v7e-m/nofp/space/libc.a(memmove.c.o)
                0x0800b1b2                memmove
                0x0800b1b2                __aeabi_memmove8
                0x0800b1b2                __aeabi_memmove
                0x0800b1b2                __aeabi_memmove4
 .text.memset   0x0800b1e4       0x10 /home/gusta/zephyr-sdk/gnu/arm-zephyr-eabi/bin/../lib/gcc/arm-zephyr-eabi/14.3.0/../../../../arm-zephyr-eabi/lib/thumb/v7e-m/nofp/space/libc.a(memset.c.o)
                0x0800b1e4                memset
 .text.memcmp   0x0800b1f4       0x20 /home/gusta/zephyr-sdk/gnu/arm-zephyr-eabi/bin/../lib/gcc/arm-zephyr-eabi/14.3.0/../../../../arm-zephyr-eabi/lib/thumb/v7e-m/nofp/space/libc.a(libc_string_memcmp.c.o)
                0x0800b1f4                memcmp
 .text.strchr   0x0800b214       0x1a /home/gusta/zephyr-sdk/gnu/arm-zephyr-eabi/bin/../lib/gcc/arm-zephyr-eabi/14.3.0/../../../../arm-zephyr-eabi/lib/thumb/v7e-m/nofp/space/libc.a(libc_string_strchr.c.o)
                0x0800b214                strchr
 .text.strncmp  0x0800b22e       0x24 /home/gusta/zephyr-sdk/gnu/arm-zephyr-eabi/bin/../lib/gcc/arm-zephyr-eabi/14.3.0/../../../../arm-zephyr-eabi/lib/thumb/v7e-m/nofp/space/libc.a(libc_string_strncmp.c.o)
                0x0800b22e                strncmp
 .text.strncpy  0x0800b252       0x26 /home/gusta/zephyr-sdk/gnu/arm-zephyr-eabi/bin/../lib/gcc/arm-zephyr-eabi/14.3.0/../../../../arm-zephyr-eabi/lib/thumb/v7e-m/nofp/space/libc.a(libc_string_strncpy.c.o)
                0x0800b252                strncpy
 .text.strnlen  0x0800b278       0x18 /home/gusta/zephyr-sdk/gnu/arm-zephyr-eabi/bin/../lib/gcc/arm-zephyr-eabi/14.3.0/../../../../arm-zephyr-eabi/lib/thumb/v7e-m/nofp/space/libc.a(libc_string_strnlen.c.o)
                0x0800b278                strnlen
 .text.strstr   0x0800b290       0x2c /home/gusta/zephyr-sdk/gnu/arm-zephyr-eabi/bin/../lib/gcc/arm-zephyr-eabi/14.3.0/../../../../arm-zephyr-eabi/lib/thumb/v7e-m/nofp/space/libc.a(libc_string_strstr.c.o)
                0x0800b290                strstr
 .text.__ultoa_invert
                0x0800b2bc       0xae /home/gusta/zephyr-sdk/gnu/arm-zephyr-eabi/bin/../lib/gcc/arm-zephyr-eabi/14.3.0/../../../../arm-zephyr-eabi/lib/thumb/v7e-m/nofp/space/libc.a(libc_tinystdio_vflprintf.c.o)
 .text.lroundf  0x0800b36a       0x5e /home/gusta/zephyr-sdk/gnu/arm-zephyr-eabi/bin/../lib/gcc/arm-zephyr-eabi/14.3.0/../../../../arm-zephyr-eabi/lib/thumb/v7e-m/nofp/space/libc.a(libm_common_sf_lround.c.o)
                0x0800b36a                lroundf
 .text.__file_str_put
                0x0800b3c8       0x10 /home/gusta/zephyr-sdk/gnu/arm-zephyr-eabi/bin/../lib/gcc/arm-zephyr-eabi/14.3.0/../../../../arm-zephyr-eabi/lib/thumb/v7e-m/nofp/space/libc.a(libc_tinystdio_filestrput.c.o)
                0x0800b3c8                __file_str_put
 .text.isnanf   0x0800b3d8       0x10 /home/gusta/zephyr-sdk/gnu/arm-zephyr-eabi/bin/../lib/gcc/arm-zephyr-eabi/14.3.0/../../../../arm-zephyr-eabi/lib/thumb/v7e-m/nofp/space/libc.a(libm_common_sf_isnan.c.o)
                0x0800b3d8                isnanf
                0x0800b3d8                __isnanf
 .text.__math_uflowf
                0x0800b3e8        0xc /home/gusta/zephyr-sdk/gnu/arm-zephyr-eabi/bin/../lib/gcc/arm-zephyr-eabi/14.3.0/../../../../arm-zephyr-eabi/lib/thumb/v7e-m/nofp/space/libc.a(libm_common_math_errf_uflowf.c.o)
                0x0800b3e8                __math_uflowf
 *(SORT_BY_ALIGNMENT(.gnu.linkonce.t.*))
 *(SORT_BY_ALIGNMENT(.glue_7t))
 .glue_7t       0x0800b3f4        0x0 linker stubs
 *(SORT_BY_ALIGNMENT(.glue_7))
 .glue_7        0x0800b3f4        0x0 linker stubs
 *(SORT_BY_ALIGNMENT(.vfp11_veneer))
 .vfp11_veneer  0x0800b3f4        0x0 linker stubs
 *(SORT_BY_ALIGNMENT(.v4_bx))
 .v4_bx         0x0800b3f4        0x0 linker stubs
                0x0800b3f4                        . = ALIGN (0x4)
                0x0800b3f4                        __text_region_end = .

.ARM.exidx      0x0800b3f4        0x8
                0x0800b3f4                        __exidx_start = .
 *(SORT_BY_ALIGNMENT(.ARM.exidx*) SORT_BY_ALIGNMENT(gnu.linkonce.armexidx.*))
 .ARM.exidx     0x0800b3f4        0x8 /home/gusta/zephyr-sdk/gnu/arm-zephyr-eabi/bin/../lib/gcc/arm-zephyr-eabi/14.3.0/thumb/v7e-m/nofp/space/libgcc.a(_udivmoddi4.o)
                0x0800b3fc                        __exidx_end = .
                0x0800b3fc                        __rodata_region_start = .

initlevel       0x0800b3fc       0xd8
                0x0800b3fc                        __init_start = .
                0x0800b3fc                        __init_EARLY_start = .
 *(SORT_BY_NAME(SORT_BY_ALIGNMENT(.z_init_EARLY_P_?_*)))
 *(SORT_BY_NAME(SORT_BY_ALIGNMENT(.z_init_EARLY_P_??_*)))
 *(SORT_BY_NAME(SORT_BY_ALIGNMENT(.z_init_EARLY_P_???_*)))
                0x0800b3fc                        __init_PRE_KERNEL_1_start = .
 *(SORT_BY_NAME(SORT_BY_ALIGNMENT(.z_init_PRE_KERNEL_1_P_?_*)))
 .z_init_PRE_KERNEL_1_P_1_SUB_00009_
                0x0800b3fc        0x8 zephyr/drivers/clock_control/libdrivers__clock_control.a(clock_stm32_ll_common.c.obj)
 .z_init_PRE_KERNEL_1_P_1_SUB_0_
                0x0800b404        0x8 zephyr/libzephyr.a(soc_config.c.obj)
 *(SORT_BY_NAME(SORT_BY_ALIGNMENT(.z_init_PRE_KERNEL_1_P_??_*)))
 .z_init_PRE_KERNEL_1_P_30_SUB_0_
                0x0800b40c        0x8 zephyr/kernel/libkernel.a(kheap.c.obj)
 .z_init_PRE_KERNEL_1_P_35_SUB_00037_
                0x0800b414        0x8 zephyr/drivers/reset/libdrivers__reset.a(reset_stm32.c.obj)
 .z_init_PRE_KERNEL_1_P_40_SUB_00054_
                0x0800b41c        0x8 zephyr/libzephyr.a(gpioport_mgr.c.obj)
 .z_init_PRE_KERNEL_1_P_40_SUB_00057_
                0x0800b424        0x8 zephyr/libzephyr.a(gpioport_mgr.c.obj)
 .z_init_PRE_KERNEL_1_P_40_SUB_00077_
                0x0800b42c        0x8 zephyr/drivers/interrupt_controller/libdrivers__interrupt_controller.a(intc_exti_stm32.c.obj)
 .z_init_PRE_KERNEL_1_P_40_SUB_00100_
                0x0800b434        0x8 zephyr/libzephyr.a(gpioport_mgr.c.obj)
 .z_init_PRE_KERNEL_1_P_40_SUB_00142_
                0x0800b43c        0x8 zephyr/libzephyr.a(gpioport_mgr.c.obj)
 .z_init_PRE_KERNEL_1_P_40_SUB_00143_
                0x0800b444        0x8 zephyr/libzephyr.a(gpioport_mgr.c.obj)
 .z_init_PRE_KERNEL_1_P_40_SUB_00144_
                0x0800b44c        0x8 zephyr/libzephyr.a(gpioport_mgr.c.obj)
 .z_init_PRE_KERNEL_1_P_40_SUB_00145_
                0x0800b454        0x8 zephyr/libzephyr.a(gpioport_mgr.c.obj)
 .z_init_PRE_KERNEL_1_P_40_SUB_00146_
                0x0800b45c        0x8 zephyr/libzephyr.a(gpioport_mgr.c.obj)
 .z_init_PRE_KERNEL_1_P_40_SUB_00147_
                0x0800b464        0x8 zephyr/libzephyr.a(gpioport_mgr.c.obj)
 .z_init_PRE_KERNEL_1_P_40_SUB_00148_
                0x0800b46c        0x8 zephyr/libzephyr.a(gpioport_mgr.c.obj)
 .z_init_PRE_KERNEL_1_P_40_SUB_00149_
                0x0800b474        0x8 zephyr/libzephyr.a(gpioport_mgr.c.obj)
 .z_init_PRE_KERNEL_1_P_40_SUB_0_
                0x0800b47c        0x8 zephyr/drivers/interrupt_controller/libdrivers__interrupt_controller.a(intc_gpio_stm32.c.obj)
 .z_init_PRE_KERNEL_1_P_50_SUB_00089_
                0x0800b484        0x8 zephyr/drivers/serial/libdrivers__serial.a(uart_stm32.c.obj)
 .z_init_PRE_KERNEL_1_P_50_SUB_00097_
                0x0800b48c        0x8 zephyr/drivers/serial/libdrivers__serial.a(uart_stm32.c.obj)
 .z_init_PRE_KERNEL_1_P_60_SUB_0_
                0x0800b494        0x8 zephyr/drivers/console/libdrivers__console.a(uart_console.c.obj)
 *(SORT_BY_NAME(SORT_BY_ALIGNMENT(.z_init_PRE_KERNEL_1_P_???_*)))
                0x0800b49c                        __init_PRE_KERNEL_2_start = .
 *(SORT_BY_NAME(SORT_BY_ALIGNMENT(.z_init_PRE_KERNEL_2_P_?_*)))
 .z_init_PRE_KERNEL_2_P_0_SUB_0_
                0x0800b49c        0x8 zephyr/drivers/timer/libdrivers__timer.a(cortex_m_systick.c.obj)
 *(SORT_BY_NAME(SORT_BY_ALIGNMENT(.z_init_PRE_KERNEL_2_P_??_*)))
 *(SORT_BY_NAME(SORT_BY_ALIGNMENT(.z_init_PRE_KERNEL_2_P_???_*)))
                0x0800b4a4                        __init_POST_KERNEL_start = .
 *(SORT_BY_NAME(SORT_BY_ALIGNMENT(.z_init_POST_KERNEL_P_?_*)))
 *(SORT_BY_NAME(SORT_BY_ALIGNMENT(.z_init_POST_KERNEL_P_??_*)))
 .z_init_POST_KERNEL_P_35_SUB_0_
                0x0800b4a4        0x8 zephyr/lib/libc/common/liblib__libc__common.a(malloc.c.obj)
 .z_init_POST_KERNEL_P_50_SUB_00036_
                0x0800b4ac        0x8 zephyr/drivers/dac/libdrivers__dac.a(dac_stm32.c.obj)
 .z_init_POST_KERNEL_P_50_SUB_00040_
                0x0800b4b4        0x8 zephyr/drivers/pwm/libdrivers__pwm.a(pwm_stm32.c.obj)
 .z_init_POST_KERNEL_P_50_SUB_00043_
                0x0800b4bc        0x8 zephyr/drivers/pwm/libdrivers__pwm.a(pwm_stm32.c.obj)
 .z_init_POST_KERNEL_P_50_SUB_00180_
                0x0800b4c4        0x8 zephyr/drivers/pwm/libdrivers__pwm.a(pwm_stm32.c.obj)
 .z_init_POST_KERNEL_P_90_SUB_0_
                0x0800b4cc        0x8 zephyr/libzephyr.a(shell_uart.c.obj)
 *(SORT_BY_NAME(SORT_BY_ALIGNMENT(.z_init_POST_KERNEL_P_???_*)))
                0x0800b4d4                        __init_APPLICATION_start = .
 *(SORT_BY_NAME(SORT_BY_ALIGNMENT(.z_init_APPLICATION_P_?_*)))
 *(SORT_BY_NAME(SORT_BY_ALIGNMENT(.z_init_APPLICATION_P_??_*)))
 *(SORT_BY_NAME(SORT_BY_ALIGNMENT(.z_init_APPLICATION_P_???_*)))
                0x0800b4d4                        __init_SMP_start = .
 *(SORT_BY_NAME(SORT_BY_ALIGNMENT(.z_init_SMP_P_?_*)))
 *(SORT_BY_NAME(SORT_BY_ALIGNMENT(.z_init_SMP_P_??_*)))
 *(SORT_BY_NAME(SORT_BY_ALIGNMENT(.z_init_SMP_P_???_*)))
                0x0800b4d4                        __init_end = .

device_area     0x0800b4d4      0x280
                0x0800b4d4                        _device_list_start = .
 *(SORT_BY_NAME(SORT_BY_ALIGNMENT(._device.static.*_?_*)))
 ._device.static.1_1_
                0x0800b4d4       0x20 zephyr/drivers/clock_control/libdrivers__clock_control.a(clock_stm32_ll_common.c.obj)
                0x0800b4d4                __device_dts_ord_9
 *(SORT_BY_NAME(SORT_BY_ALIGNMENT(._device.static.*_??_*)))
 ._device.static.1_35_
                0x0800b4f4       0x20 zephyr/drivers/reset/libdrivers__reset.a(reset_stm32.c.obj)
                0x0800b4f4                __device_dts_ord_37
 ._device.static.1_40_
                0x0800b514      0x160 zephyr/libzephyr.a(gpioport_mgr.c.obj)
                0x0800b514                __device_dts_ord_149
                0x0800b534                __device_dts_ord_148
                0x0800b554                __device_dts_ord_147
                0x0800b574                __device_dts_ord_146
                0x0800b594                __device_dts_ord_145
                0x0800b5b4                __device_dts_ord_144
                0x0800b5d4                __device_dts_ord_143
                0x0800b5f4                __device_dts_ord_100
                0x0800b614                __device_dts_ord_54
                0x0800b634                __device_dts_ord_57
                0x0800b654                __device_dts_ord_142
 ._device.static.1_40_
                0x0800b674       0x20 zephyr/drivers/interrupt_controller/libdrivers__interrupt_controller.a(intc_exti_stm32.c.obj)
                0x0800b674                __device_dts_ord_77
 ._device.static.1_50_
                0x0800b694       0x40 zephyr/drivers/serial/libdrivers__serial.a(uart_stm32.c.obj)
                0x0800b694                __device_dts_ord_97
                0x0800b6b4                __device_dts_ord_89
 ._device.static.3_50_
                0x0800b6d4       0x20 zephyr/drivers/dac/libdrivers__dac.a(dac_stm32.c.obj)
                0x0800b6d4                __device_dts_ord_36
 ._device.static.3_50_
                0x0800b6f4       0x60 zephyr/drivers/pwm/libdrivers__pwm.a(pwm_stm32.c.obj)
                0x0800b6f4                __device_dts_ord_43
                0x0800b714                __device_dts_ord_40
                0x0800b734                __device_dts_ord_180
 *(SORT_BY_NAME(SORT_BY_ALIGNMENT(._device.static.*_???_*)))
 *(SORT_BY_NAME(SORT_BY_ALIGNMENT(._device.static.*_????_*)))
 *(SORT_BY_NAME(SORT_BY_ALIGNMENT(._device.static.*_?????_*)))
                0x0800b754                        _device_list_end = .

sw_isr_table    0x0800b754      0x288
                0x0800b754                        . = ALIGN (0x4)
 *(SORT_BY_ALIGNMENT(.gnu.linkonce.sw_isr_table*))
 .gnu.linkonce.sw_isr_table
                0x0800b754      0x288 zephyr/arch/common/libisr_tables.a(isr_tables.c.obj)
                0x0800b754                _sw_isr_table

initlevel_error
 *(SORT_BY_NAME(SORT_BY_ALIGNMENT(.z_init_*)))
                0x00000001                        ASSERT ((SIZEOF (initlevel_error) == 0x0), Undefined initialization levels used.)

app_shmem_regions
                0x0800b9dc        0x0